python : Both 
GOOGLE_API_KEY and 
GEMINI_API_KEY are 
set. Using 
GOOGLE_API_KEY.
No linha:1 
caractere:1
+ python seed_integra
tion_metrics.py > 
error_log.txt 2>&1
+ ~~~~~~~~~~~~~~~~~~~
~~~~~~~~~~~~~~~~~~~~~
~~~~~~~~~~~~~~~
    + CategoryInfo   
           : NotSpe  
  cified: (Both GO   
 OGLE_API...GOOGL    
E_API_KEY.:Strin    
g) [], RemoteExc    
eption
    + FullyQualified 
   ErrorId : Native  
  CommandError
 
>>> Iniciando Seeding de MÚtricas de IntegraþÒo...
>>> Encontradas 95 lojas ativas.
Erro na loja 35 (Emporio Natural Mix - Loja 3 - Campo Grande): (psycopg2.errors.NotNullViolation) null value in column "snapshot_date" of relation "integration_metrics" violates not-null constraint
DETAIL:  Failing row contains (195, 35, null, 0, 0, f, null, 2026-02-19 11:24:56.188792, 2026-02-07 11:24:56.187096, null, 0, 0, f, PENDING, 0.7).

[SQL: INSERT INTO integration_metrics (store_id, start_date, end_date, sla_days, post_go_live_bugs, churn_risk, documentation_status, points, lead_time_days, ticket_count, has_blocking_issue, last_blocker_reason, updated_at) VALUES (%(store_id)s, %(start_date)s, %(end_date)s, %(sla_days)s, %(post_go_live_bugs)s, %(churn_risk)s, %(documentation_status)s, %(points)s, %(lead_time_days)s, %(ticket_count)s, %(has_blocking_issue)s, %(last_blocker_reason)s, %(updated_at)s) RETURNING integration_metrics.id]
[parameters: {'store_id': 35, 'start_date': datetime.datetime(2026, 2, 7, 11, 24, 56, 187096), 'end_date': None, 'sla_days': 0, 'post_go_live_bugs': 0, 'churn_risk': False, 'documentation_status': 'PENDING', 'points': 0.7, 'lead_time_days': 0, 'ticket_count': 0, 'has_blocking_issue': False, 'last_blocker_reason': None, 'updated_at': datetime.datetime(2026, 2, 19, 11, 24, 56, 188792)}]
(Background on this error at: https://sqlalche.me/e/20/gkpj)
Erro na loja 15 (Nidobox Supermercados Maracana· (MigraþÒo Mercadapp)): (psycopg2.errors.NotNullViolation) null value in column "snapshot_date" of relation "integration_metrics" violates not-null constraint
DETAIL:  Failing row contains (196, 15, null, 0, 0, f, null, 2026-02-19 11:24:56.210013, 2026-02-05 11:24:56.209583, null, 0, 0, f, PENDING, 0.7).

[SQL: INSERT INTO integration_metrics (store_id, start_date, end_date, sla_days, post_go_live_bugs, churn_risk, documentation_status, points, lead_time_days, ticket_count, has_blocking_issue, last_blocker_reason, updated_at) VALUES (%(store_id)s, %(start_date)s, %(end_date)s, %(sla_days)s, %(post_go_live_bugs)s, %(churn_risk)s, %(documentation_status)s, %(points)s, %(lead_time_days)s, %(ticket_count)s, %(has_blocking_issue)s, %(last_blocker_reason)s, %(updated_at)s) RETURNING integration_metrics.id]
[parameters: {'store_id': 15, 'start_date': datetime.datetime(2026, 2, 5, 11, 24, 56, 209583), 'end_date': None, 'sla_days': 0, 'post_go_live_bugs': 0, 'churn_risk': False, 'documentation_status': 'PENDING', 'points': 0.7, 'lead_time_days': 0, 'ticket_count': 0, 'has_blocking_issue': False, 'last_blocker_reason': None, 'updated_at': datetime.datetime(2026, 2, 19, 11, 24, 56, 210013)}]
(Background on this error at: https://sqlalche.me/e/20/gkpj)
Erro na loja 22 (Supermarket Torre MaracanÒ): (psycopg2.errors.NotNullViolation) null value in column "snapshot_date" of relation "integration_metrics" violates not-null constraint
DETAIL:  Failing row contains (197, 22, null, 0, 0, f, null, 2026-02-19 11:24:56.23391, 2026-01-24 11:24:56.233083, null, 0, 0, f, PARTIAL, 0.7).

[SQL: INSERT INTO integration_metrics (store_id, start_date, end_date, sla_days, post_go_live_bugs, churn_risk, documentation_status, points, lead_time_days, ticket_count, has_blocking_issue, last_blocker_reason, updated_at) VALUES (%(store_id)s, %(start_date)s, %(end_date)s, %(sla_days)s, %(post_go_live_bugs)s, %(churn_risk)s, %(documentation_status)s, %(points)s, %(lead_time_days)s, %(ticket_count)s, %(has_blocking_issue)s, %(last_blocker_reason)s, %(updated_at)s) RETURNING integration_metrics.id]
[parameters: {'store_id': 22, 'start_date': datetime.datetime(2026, 1, 24, 11, 24, 56, 233083), 'end_date': None, 'sla_days': 0, 'post_go_live_bugs': 0, 'churn_risk': False, 'documentation_status': 'PARTIAL', 'points': 0.7, 'lead_time_days': 0, 'ticket_count': 0, 'has_blocking_issue': False, 'last_blocker_reason': None, 'updated_at': datetime.datetime(2026, 2, 19, 11, 24, 56, 233910)}]
(Background on this error at: https://sqlalche.me/e/20/gkpj)
Erro na loja 92 (Compre Certo - Guaiuba [MIGRAÃ├O MERCADAPP]): (psycopg2.errors.NotNullViolation) null value in column "snapshot_date" of relation "integration_metrics" violates not-null constraint
DETAIL:  Failing row contains (198, 92, null, 0, 0, f, null, 2026-02-19 11:24:56.257259, 2026-01-23 11:24:56.256437, null, 0, 0, f, PENDING, 1).

[SQL: INSERT INTO integration_metrics (store_id, start_date, end_date, sla_days, post_go_live_bugs, churn_risk, documentation_status, points, lead_time_days, ticket_count, has_blocking_issue, last_blocker_reason, updated_at) VALUES (%(store_id)s, %(start_date)s, %(end_date)s, %(sla_days)s, %(post_go_live_bugs)s, %(churn_risk)s, %(documentation_status)s, %(points)s, %(lead_time_days)s, %(ticket_count)s, %(has_blocking_issue)s, %(last_blocker_reason)s, %(updated_at)s) RETURNING integration_metrics.id]
[parameters: {'store_id': 92, 'start_date': datetime.datetime(2026, 1, 23, 11, 24, 56, 256437), 'end_date': None, 'sla_days': 0, 'post_go_live_bugs': 0, 'churn_risk': False, 'documentation_status': 'PENDING', 'points': 1.0, 'lead_time_days': 0, 'ticket_count': 0, 'has_blocking_issue': False, 'last_blocker_reason': None, 'updated_at': datetime.datetime(2026, 2, 19, 11, 24, 56, 257259)}]
(Background on this error at: https://sqlalche.me/e/20/gkpj)
Erro na loja 23 (Supermarket Torre SÒo Conrado): (psycopg2.errors.NotNullViolation) null value in column "snapshot_date" of relation "integration_metrics" violates not-null constraint
DETAIL:  Failing row contains (199, 23, null, 0, 0, f, null, 2026-02-19 11:24:56.281276, 2026-01-21 11:24:56.280561, null, 0, 0, t, PENDING, 0.7).

[SQL: INSERT INTO integration_metrics (store_id, start_date, end_date, sla_days, post_go_live_bugs, churn_risk, documentation_status, points, lead_time_days, ticket_count, has_blocking_issue, last_blocker_reason, updated_at) VALUES (%(store_id)s, %(start_date)s, %(end_date)s, %(sla_days)s, %(post_go_live_bugs)s, %(churn_risk)s, %(documentation_status)s, %(points)s, %(lead_time_days)s, %(ticket_count)s, %(has_blocking_issue)s, %(last_blocker_reason)s, %(updated_at)s) RETURNING integration_metrics.id]
[parameters: {'store_id': 23, 'start_date': datetime.datetime(2026, 1, 21, 11, 24, 56, 280561), 'end_date': None, 'sla_days': 0, 'post_go_live_bugs': 0, 'churn_risk': True, 'documentation_status': 'PENDING', 'points': 0.7, 'lead_time_days': 0, 'ticket_count': 0, 'has_blocking_issue': False, 'last_blocker_reason': None, 'updated_at': datetime.datetime(2026, 2, 19, 11, 24, 56, 281276)}]
(Background on this error at: https://sqlalche.me/e/20/gkpj)
Erro na loja 45 (ProBio Kombucha): (psycopg2.errors.NotNullViolation) null value in column "snapshot_date" of relation "integration_metrics" violates not-null constraint
DETAIL:  Failing row contains (200, 45, null, 0, 0, f, null, 2026-02-19 11:24:56.314221, 2025-12-25 11:24:56.310985, 2026-01-23 11:24:56.310985, 29, 0, f, DONE, 1).

[SQL: INSERT INTO integration_metrics (store_id, start_date, end_date, sla_days, post_go_live_bugs, churn_risk, documentation_status, points, lead_time_days, ticket_count, has_blocking_issue, last_blocker_reason, updated_at) VALUES (%(store_id)s, %(start_date)s, %(end_date)s, %(sla_days)s, %(post_go_live_bugs)s, %(churn_risk)s, %(documentation_status)s, %(points)s, %(lead_time_days)s, %(ticket_count)s, %(has_blocking_issue)s, %(last_blocker_reason)s, %(updated_at)s) RETURNING integration_metrics.id]
[parameters: {'store_id': 45, 'start_date': datetime.datetime(2025, 12, 25, 11, 24, 56, 310985), 'end_date': datetime.datetime(2026, 1, 23, 11, 24, 56, 310985), 'sla_days': 29, 'post_go_live_bugs': 0, 'churn_risk': False, 'documentation_status': 'DONE', 'points': 1.0, 'lead_time_days': 0, 'ticket_count': 0, 'has_blocking_issue': False, 'last_blocker_reason': None, 'updated_at': datetime.datetime(2026, 2, 19, 11, 24, 56, 314221)}]
(Background on this error at: https://sqlalche.me/e/20/gkpj)
Erro na loja 13 (Fazenda OrgÔnica): (psycopg2.errors.NotNullViolation) null value in column "snapshot_date" of relation "integration_metrics" violates not-null constraint
DETAIL:  Failing row contains (201, 13, null, 0, 0, f, null, 2026-02-19 11:24:56.354864, 2025-11-27 11:24:56.353995, 2026-01-03 11:24:56.353995, 37, 0, f, DONE, 1).

[SQL: INSERT INTO integration_metrics (store_id, start_date, end_date, sla_days, post_go_live_bugs, churn_risk, documentation_status, points, lead_time_days, ticket_count, has_blocking_issue, last_blocker_reason, updated_at) VALUES (%(store_id)s, %(start_date)s, %(end_date)s, %(sla_days)s, %(post_go_live_bugs)s, %(churn_risk)s, %(documentation_status)s, %(points)s, %(lead_time_days)s, %(ticket_count)s, %(has_blocking_issue)s, %(last_blocker_reason)s, %(updated_at)s) RETURNING integration_metrics.id]
[parameters: {'store_id': 13, 'start_date': datetime.datetime(2025, 11, 27, 11, 24, 56, 353995), 'end_date': datetime.datetime(2026, 1, 3, 11, 24, 56, 353995), 'sla_days': 37, 'post_go_live_bugs': 0, 'churn_risk': False, 'documentation_status': 'DONE', 'points': 1.0, 'lead_time_days': 0, 'ticket_count': 0, 'has_blocking_issue': False, 'last_blocker_reason': None, 'updated_at': datetime.datetime(2026, 2, 19, 11, 24, 56, 354864)}]
(Background on this error at: https://sqlalche.me/e/20/gkpj)
Erro na loja 36 (Emporio Natural Mix - Loja 2 - Bangu): (psycopg2.errors.NotNullViolation) null value in column "snapshot_date" of relation "integration_metrics" violates not-null constraint
DETAIL:  Failing row contains (202, 36, null, 0, 0, f, null, 2026-02-19 11:24:56.394675, 2026-02-02 11:24:56.393441, null, 0, 0, t, PARTIAL, 0.7).

[SQL: INSERT INTO integration_metrics (store_id, start_date, end_date, sla_days, post_go_live_bugs, churn_risk, documentation_status, points, lead_time_days, ticket_count, has_blocking_issue, last_blocker_reason, updated_at) VALUES (%(store_id)s, %(start_date)s, %(end_date)s, %(sla_days)s, %(post_go_live_bugs)s, %(churn_risk)s, %(documentation_status)s, %(points)s, %(lead_time_days)s, %(ticket_count)s, %(has_blocking_issue)s, %(last_blocker_reason)s, %(updated_at)s) RETURNING integration_metrics.id]
[parameters: {'store_id': 36, 'start_date': datetime.datetime(2026, 2, 2, 11, 24, 56, 393441), 'end_date': None, 'sla_days': 0, 'post_go_live_bugs': 0, 'churn_risk': True, 'documentation_status': 'PARTIAL', 'points': 0.7, 'lead_time_days': 0, 'ticket_count': 0, 'has_blocking_issue': False, 'last_blocker_reason': None, 'updated_at': datetime.datetime(2026, 2, 19, 11, 24, 56, 394675)}]
(Background on this error at: https://sqlalche.me/e/20/gkpj)
Erro na loja 20 (Supermarket Torre Nova iguaþu): (psycopg2.errors.NotNullViolation) null value in column "snapshot_date" of relation "integration_metrics" violates not-null constraint
DETAIL:  Failing row contains (203, 20, null, 0, 0, f, null, 2026-02-19 11:24:56.432251, 2026-02-04 11:24:56.430578, null, 0, 0, f, PARTIAL, 0.7).

[SQL: INSERT INTO integration_metrics (store_id, start_date, end_date, sla_days, post_go_live_bugs, churn_risk, documentation_status, points, lead_time_days, ticket_count, has_blocking_issue, last_blocker_reason, updated_at) VALUES (%(store_id)s, %(start_date)s, %(end_date)s, %(sla_days)s, %(post_go_live_bugs)s, %(churn_risk)s, %(documentation_status)s, %(points)s, %(lead_time_days)s, %(ticket_count)s, %(has_blocking_issue)s, %(last_blocker_reason)s, %(updated_at)s) RETURNING integration_metrics.id]
[parameters: {'store_id': 20, 'start_date': datetime.datetime(2026, 2, 4, 11, 24, 56, 430578), 'end_date': None, 'sla_days': 0, 'post_go_live_bugs': 0, 'churn_risk': False, 'documentation_status': 'PARTIAL', 'points': 0.7, 'lead_time_days': 0, 'ticket_count': 0, 'has_blocking_issue': False, 'last_blocker_reason': None, 'updated_at': datetime.datetime(2026, 2, 19, 11, 24, 56, 432251)}]
(Background on this error at: https://sqlalche.me/e/20/gkpj)
Erro na loja 14 (Nidobox Supermercados Fortaleza (MigraþÒo Mercadapp)): (psycopg2.errors.NotNullViolation) null value in column "snapshot_date" of relation "integration_metrics" violates not-null constraint
DETAIL:  Failing row contains (204, 14, null, 0, 0, f, null, 2026-02-19 11:24:56.462024, 2026-01-27 11:24:56.460874, null, 0, 0, f, PARTIAL, 1).

[SQL: INSERT INTO integration_metrics (store_id, start_date, end_date, sla_days, post_go_live_bugs, churn_risk, documentation_status, points, lead_time_days, ticket_count, has_blocking_issue, last_blocker_reason, updated_at) VALUES (%(store_id)s, %(start_date)s, %(end_date)s, %(sla_days)s, %(post_go_live_bugs)s, %(churn_risk)s, %(documentation_status)s, %(points)s, %(lead_time_days)s, %(ticket_count)s, %(has_blocking_issue)s, %(last_blocker_reason)s, %(updated_at)s) RETURNING integration_metrics.id]
[parameters: {'store_id': 14, 'start_date': datetime.datetime(2026, 1, 27, 11, 24, 56, 460874), 'end_date': None, 'sla_days': 0, 'post_go_live_bugs': 0, 'churn_risk': False, 'documentation_status': 'PARTIAL', 'points': 1.0, 'lead_time_days': 0, 'ticket_count': 0, 'has_blocking_issue': False, 'last_blocker_reason': None, 'updated_at': datetime.datetime(2026, 2, 19, 11, 24, 56, 462024)}]
(Background on this error at: https://sqlalche.me/e/20/gkpj)
Erro na loja 43 (Supermercado Lagoa - Juazeiro do Norte): (psycopg2.errors.NotNullViolation) null value in column "snapshot_date" of relation "integration_metrics" violates not-null constraint
DETAIL:  Failing row contains (205, 43, null, 0, 0, f, null, 2026-02-19 11:24:56.491706, 2026-01-09 11:24:56.490341, 2026-02-09 11:24:56.490341, 31, 0, f, DONE, 0.7).

[SQL: INSERT INTO integration_metrics (store_id, start_date, end_date, sla_days, post_go_live_bugs, churn_risk, documentation_status, points, lead_time_days, ticket_count, has_blocking_issue, last_blocker_reason, updated_at) VALUES (%(store_id)s, %(start_date)s, %(end_date)s, %(sla_days)s, %(post_go_live_bugs)s, %(churn_risk)s, %(documentation_status)s, %(points)s, %(lead_time_days)s, %(ticket_count)s, %(has_blocking_issue)s, %(last_blocker_reason)s, %(updated_at)s) RETURNING integration_metrics.id]
[parameters: {'store_id': 43, 'start_date': datetime.datetime(2026, 1, 9, 11, 24, 56, 490341), 'end_date': datetime.datetime(2026, 2, 9, 11, 24, 56, 490341), 'sla_days': 31, 'post_go_live_bugs': 0, 'churn_risk': False, 'documentation_status': 'DONE', 'points': 0.7, 'lead_time_days': 0, 'ticket_count': 0, 'has_blocking_issue': False, 'last_blocker_reason': None, 'updated_at': datetime.datetime(2026, 2, 19, 11, 24, 56, 491706)}]
(Background on this error at: https://sqlalche.me/e/20/gkpj)
Erro na loja 17 (Supermercado Batista): (psycopg2.errors.NotNullViolation) null value in column "snapshot_date" of relation "integration_metrics" violates not-null constraint
DETAIL:  Failing row contains (206, 17, null, 0, 0, f, null, 2026-02-19 11:24:56.515436, 2026-02-10 11:24:56.514286, null, 0, 0, f, PARTIAL, 1).

[SQL: INSERT INTO integration_metrics (store_id, start_date, end_date, sla_days, post_go_live_bugs, churn_risk, documentation_status, points, lead_time_days, ticket_count, has_blocking_issue, last_blocker_reason, updated_at) VALUES (%(store_id)s, %(start_date)s, %(end_date)s, %(sla_days)s, %(post_go_live_bugs)s, %(churn_risk)s, %(documentation_status)s, %(points)s, %(lead_time_days)s, %(ticket_count)s, %(has_blocking_issue)s, %(last_blocker_reason)s, %(updated_at)s) RETURNING integration_metrics.id]
[parameters: {'store_id': 17, 'start_date': datetime.datetime(2026, 2, 10, 11, 24, 56, 514286), 'end_date': None, 'sla_days': 0, 'post_go_live_bugs': 0, 'churn_risk': False, 'documentation_status': 'PARTIAL', 'points': 1.0, 'lead_time_days': 0, 'ticket_count': 0, 'has_blocking_issue': False, 'last_blocker_reason': None, 'updated_at': datetime.datetime(2026, 2, 19, 11, 24, 56, 515436)}]
(Background on this error at: https://sqlalche.me/e/20/gkpj)
Erro na loja 37 (Emporio Natural Mix - Loja Madureira ): (psycopg2.errors.NotNullViolation) null value in column "snapshot_date" of relation "integration_metrics" violates not-null constraint
DETAIL:  Failing row contains (207, 37, null, 0, 0, f, null, 2026-02-19 11:24:56.540994, 2026-01-28 11:24:56.539816, null, 0, 0, f, PENDING, 1).

[SQL: INSERT INTO integration_metrics (store_id, start_date, end_date, sla_days, post_go_live_bugs, churn_risk, documentation_status, points, lead_time_days, ticket_count, has_blocking_issue, last_blocker_reason, updated_at) VALUES (%(store_id)s, %(start_date)s, %(end_date)s, %(sla_days)s, %(post_go_live_bugs)s, %(churn_risk)s, %(documentation_status)s, %(points)s, %(lead_time_days)s, %(ticket_count)s, %(has_blocking_issue)s, %(last_blocker_reason)s, %(updated_at)s) RETURNING integration_metrics.id]
[parameters: {'store_id': 37, 'start_date': datetime.datetime(2026, 1, 28, 11, 24, 56, 539816), 'end_date': None, 'sla_days': 0, 'post_go_live_bugs': 0, 'churn_risk': False, 'documentation_status': 'PENDING', 'points': 1.0, 'lead_time_days': 0, 'ticket_count': 0, 'has_blocking_issue': False, 'last_blocker_reason': None, 'updated_at': datetime.datetime(2026, 2, 19, 11, 24, 56, 540994)}]
(Background on this error at: https://sqlalche.me/e/20/gkpj)
Erro na loja 18 (Supermarket Torre Jardim Primavera): (psycopg2.errors.NotNullViolation) null value in column "snapshot_date" of relation "integration_metrics" violates not-null constraint
DETAIL:  Failing row contains (208, 18, null, 0, 0, f, null, 2026-02-19 11:24:56.563897, 2026-01-26 11:24:56.562946, null, 0, 0, f, PENDING, 0.7).

[SQL: INSERT INTO integration_metrics (store_id, start_date, end_date, sla_days, post_go_live_bugs, churn_risk, documentation_status, points, lead_time_days, ticket_count, has_blocking_issue, last_blocker_reason, updated_at) VALUES (%(store_id)s, %(start_date)s, %(end_date)s, %(sla_days)s, %(post_go_live_bugs)s, %(churn_risk)s, %(documentation_status)s, %(points)s, %(lead_time_days)s, %(ticket_count)s, %(has_blocking_issue)s, %(last_blocker_reason)s, %(updated_at)s) RETURNING integration_metrics.id]
[parameters: {'store_id': 18, 'start_date': datetime.datetime(2026, 1, 26, 11, 24, 56, 562946), 'end_date': None, 'sla_days': 0, 'post_go_live_bugs': 0, 'churn_risk': False, 'documentation_status': 'PENDING', 'points': 0.7, 'lead_time_days': 0, 'ticket_count': 0, 'has_blocking_issue': False, 'last_blocker_reason': None, 'updated_at': datetime.datetime(2026, 2, 19, 11, 24, 56, 563897)}]
(Background on this error at: https://sqlalche.me/e/20/gkpj)
Erro na loja 21 (Supermarket Torre Itanhangß): (psycopg2.errors.NotNullViolation) null value in column "snapshot_date" of relation "integration_metrics" violates not-null constraint
DETAIL:  Failing row contains (209, 21, null, 0, 0, f, null, 2026-02-19 11:24:56.586076, 2026-01-28 11:24:56.58509, null, 0, 0, f, PENDING, 0.7).

[SQL: INSERT INTO integration_metrics (store_id, start_date, end_date, sla_days, post_go_live_bugs, churn_risk, documentation_status, points, lead_time_days, ticket_count, has_blocking_issue, last_blocker_reason, updated_at) VALUES (%(store_id)s, %(start_date)s, %(end_date)s, %(sla_days)s, %(post_go_live_bugs)s, %(churn_risk)s, %(documentation_status)s, %(points)s, %(lead_time_days)s, %(ticket_count)s, %(has_blocking_issue)s, %(last_blocker_reason)s, %(updated_at)s) RETURNING integration_metrics.id]
[parameters: {'store_id': 21, 'start_date': datetime.datetime(2026, 1, 28, 11, 24, 56, 585090), 'end_date': None, 'sla_days': 0, 'post_go_live_bugs': 0, 'churn_risk': False, 'documentation_status': 'PENDING', 'points': 0.7, 'lead_time_days': 0, 'ticket_count': 0, 'has_blocking_issue': False, 'last_blocker_reason': None, 'updated_at': datetime.datetime(2026, 2, 19, 11, 24, 56, 586076)}]
(Background on this error at: https://sqlalche.me/e/20/gkpj)
Erro na loja 19 (Supermarket Torre Nova iguaþu CalþadÒo): (psycopg2.errors.NotNullViolation) null value in column "snapshot_date" of relation "integration_metrics" violates not-null constraint
DETAIL:  Failing row contains (210, 19, null, 0, 0, f, null, 2026-02-19 11:24:56.609346, 2026-02-09 11:24:56.608406, null, 0, 0, f, PARTIAL, 0.7).

[SQL: INSERT INTO integration_metrics (store_id, start_date, end_date, sla_days, post_go_live_bugs, churn_risk, documentation_status, points, lead_time_days, ticket_count, has_blocking_issue, last_blocker_reason, updated_at) VALUES (%(store_id)s, %(start_date)s, %(end_date)s, %(sla_days)s, %(post_go_live_bugs)s, %(churn_risk)s, %(documentation_status)s, %(points)s, %(lead_time_days)s, %(ticket_count)s, %(has_blocking_issue)s, %(last_blocker_reason)s, %(updated_at)s) RETURNING integration_metrics.id]
[parameters: {'store_id': 19, 'start_date': datetime.datetime(2026, 2, 9, 11, 24, 56, 608406), 'end_date': None, 'sla_days': 0, 'post_go_live_bugs': 0, 'churn_risk': False, 'documentation_status': 'PARTIAL', 'points': 0.7, 'lead_time_days': 0, 'ticket_count': 0, 'has_blocking_issue': False, 'last_blocker_reason': None, 'updated_at': datetime.datetime(2026, 2, 19, 11, 24, 56, 609346)}]
(Background on this error at: https://sqlalche.me/e/20/gkpj)
Erro na loja 16 (AtacadÒo SÒo Roque (MigraþÒo Vipcommerce)): (psycopg2.errors.NotNullViolation) null value in column "snapshot_date" of relation "integration_metrics" violates not-null constraint
DETAIL:  Failing row contains (211, 16, null, 0, 0, f, null, 2026-02-19 11:24:56.634277, 2026-02-05 11:24:56.632713, null, 0, 0, t, PENDING, 1).

[SQL: INSERT INTO integration_metrics (store_id, start_date, end_date, sla_days, post_go_live_bugs, churn_risk, documentation_status, points, lead_time_days, ticket_count, has_blocking_issue, last_blocker_reason, updated_at) VALUES (%(store_id)s, %(start_date)s, %(end_date)s, %(sla_days)s, %(post_go_live_bugs)s, %(churn_risk)s, %(documentation_status)s, %(points)s, %(lead_time_days)s, %(ticket_count)s, %(has_blocking_issue)s, %(last_blocker_reason)s, %(updated_at)s) RETURNING integration_metrics.id]
[parameters: {'store_id': 16, 'start_date': datetime.datetime(2026, 2, 5, 11, 24, 56, 632713), 'end_date': None, 'sla_days': 0, 'post_go_live_bugs': 0, 'churn_risk': True, 'documentation_status': 'PENDING', 'points': 1.0, 'lead_time_days': 0, 'ticket_count': 0, 'has_blocking_issue': False, 'last_blocker_reason': None, 'updated_at': datetime.datetime(2026, 2, 19, 11, 24, 56, 634277)}]
(Background on this error at: https://sqlalche.me/e/20/gkpj)
Erro na loja 39 (Hortisul - Nova Lima): (psycopg2.errors.NotNullViolation) null value in column "snapshot_date" of relation "integration_metrics" violates not-null constraint
DETAIL:  Failing row contains (212, 39, null, 0, 0, f, null, 2026-02-19 11:24:56.656472, 2026-02-10 11:24:56.655038, null, 0, 0, f, PARTIAL, 0.7).

[SQL: INSERT INTO integration_metrics (store_id, start_date, end_date, sla_days, post_go_live_bugs, churn_risk, documentation_status, points, lead_time_days, ticket_count, has_blocking_issue, last_blocker_reason, updated_at) VALUES (%(store_id)s, %(start_date)s, %(end_date)s, %(sla_days)s, %(post_go_live_bugs)s, %(churn_risk)s, %(documentation_status)s, %(points)s, %(lead_time_days)s, %(ticket_count)s, %(has_blocking_issue)s, %(last_blocker_reason)s, %(updated_at)s) RETURNING integration_metrics.id]
[parameters: {'store_id': 39, 'start_date': datetime.datetime(2026, 2, 10, 11, 24, 56, 655038), 'end_date': None, 'sla_days': 0, 'post_go_live_bugs': 0, 'churn_risk': False, 'documentation_status': 'PARTIAL', 'points': 0.7, 'lead_time_days': 0, 'ticket_count': 0, 'has_blocking_issue': False, 'last_blocker_reason': None, 'updated_at': datetime.datetime(2026, 2, 19, 11, 24, 56, 656472)}]
(Background on this error at: https://sqlalche.me/e/20/gkpj)
Erro na loja 38 (Hortisul - Sion): (psycopg2.errors.NotNullViolation) null value in column "snapshot_date" of relation "integration_metrics" violates not-null constraint
DETAIL:  Failing row contains (213, 38, null, 0, 0, f, null, 2026-02-19 11:24:56.685323, 2026-01-21 11:24:56.683915, null, 0, 0, f, PARTIAL, 1).

[SQL: INSERT INTO integration_metrics (store_id, start_date, end_date, sla_days, post_go_live_bugs, churn_risk, documentation_status, points, lead_time_days, ticket_count, has_blocking_issue, last_blocker_reason, updated_at) VALUES (%(store_id)s, %(start_date)s, %(end_date)s, %(sla_days)s, %(post_go_live_bugs)s, %(churn_risk)s, %(documentation_status)s, %(points)s, %(lead_time_days)s, %(ticket_count)s, %(has_blocking_issue)s, %(last_blocker_reason)s, %(updated_at)s) RETURNING integration_metrics.id]
[parameters: {'store_id': 38, 'start_date': datetime.datetime(2026, 1, 21, 11, 24, 56, 683915), 'end_date': None, 'sla_days': 0, 'post_go_live_bugs': 0, 'churn_risk': False, 'documentation_status': 'PARTIAL', 'points': 1.0, 'lead_time_days': 0, 'ticket_count': 0, 'has_blocking_issue': False, 'last_blocker_reason': None, 'updated_at': datetime.datetime(2026, 2, 19, 11, 24, 56, 685323)}]
(Background on this error at: https://sqlalche.me/e/20/gkpj)
Erro na loja 60 (Araripe Supermercado Bom Jardim (MigraþÒo Mercadapp)): (psycopg2.errors.NotNullViolation) null value in column "snapshot_date" of relation "integration_metrics" violates not-null constraint
DETAIL:  Failing row contains (214, 60, null, 0, 0, f, null, 2026-02-19 11:24:56.715849, 2026-02-05 11:24:56.714149, null, 0, 0, f, PENDING, 1).

[SQL: INSERT INTO integration_metrics (store_id, start_date, end_date, sla_days, post_go_live_bugs, churn_risk, documentation_status, points, lead_time_days, ticket_count, has_blocking_issue, last_blocker_reason, updated_at) VALUES (%(store_id)s, %(start_date)s, %(end_date)s, %(sla_days)s, %(post_go_live_bugs)s, %(churn_risk)s, %(documentation_status)s, %(points)s, %(lead_time_days)s, %(ticket_count)s, %(has_blocking_issue)s, %(last_blocker_reason)s, %(updated_at)s) RETURNING integration_metrics.id]
[parameters: {'store_id': 60, 'start_date': datetime.datetime(2026, 2, 5, 11, 24, 56, 714149), 'end_date': None, 'sla_days': 0, 'post_go_live_bugs': 0, 'churn_risk': False, 'documentation_status': 'PENDING', 'points': 1.0, 'lead_time_days': 0, 'ticket_count': 0, 'has_blocking_issue': False, 'last_blocker_reason': None, 'updated_at': datetime.datetime(2026, 2, 19, 11, 24, 56, 715849)}]
(Background on this error at: https://sqlalche.me/e/20/gkpj)
Erro na loja 47 (Ana Risorlange Bernardo Manuel (MigraþÒo Mercadapp)): (psycopg2.errors.NotNullViolation) null value in column "snapshot_date" of relation "integration_metrics" violates not-null constraint
DETAIL:  Failing row contains (215, 47, null, 0, 0, f, null, 2026-02-19 11:24:56.745748, 2026-01-26 11:24:56.744502, null, 0, 0, f, PENDING, 1).

[SQL: INSERT INTO integration_metrics (store_id, start_date, end_date, sla_days, post_go_live_bugs, churn_risk, documentation_status, points, lead_time_days, ticket_count, has_blocking_issue, last_blocker_reason, updated_at) VALUES (%(store_id)s, %(start_date)s, %(end_date)s, %(sla_days)s, %(post_go_live_bugs)s, %(churn_risk)s, %(documentation_status)s, %(points)s, %(lead_time_days)s, %(ticket_count)s, %(has_blocking_issue)s, %(last_blocker_reason)s, %(updated_at)s) RETURNING integration_metrics.id]
[parameters: {'store_id': 47, 'start_date': datetime.datetime(2026, 1, 26, 11, 24, 56, 744502), 'end_date': None, 'sla_days': 0, 'post_go_live_bugs': 0, 'churn_risk': False, 'documentation_status': 'PENDING', 'points': 1.0, 'lead_time_days': 0, 'ticket_count': 0, 'has_blocking_issue': False, 'last_blocker_reason': None, 'updated_at': datetime.datetime(2026, 2, 19, 11, 24, 56, 745748)}]
(Background on this error at: https://sqlalche.me/e/20/gkpj)
Erro na loja 33 (Emporio Natural Mix - Loja 5 Botafogo): (psycopg2.errors.NotNullViolation) null value in column "snapshot_date" of relation "integration_metrics" violates not-null constraint
DETAIL:  Failing row contains (216, 33, null, 0, 0, f, null, 2026-02-19 11:24:56.774599, 2026-02-02 11:24:56.773884, null, 0, 0, f, PARTIAL, 0.7).

[SQL: INSERT INTO integration_metrics (store_id, start_date, end_date, sla_days, post_go_live_bugs, churn_risk, documentation_status, points, lead_time_days, ticket_count, has_blocking_issue, last_blocker_reason, updated_at) VALUES (%(store_id)s, %(start_date)s, %(end_date)s, %(sla_days)s, %(post_go_live_bugs)s, %(churn_risk)s, %(documentation_status)s, %(points)s, %(lead_time_days)s, %(ticket_count)s, %(has_blocking_issue)s, %(last_blocker_reason)s, %(updated_at)s) RETURNING integration_metrics.id]
[parameters: {'store_id': 33, 'start_date': datetime.datetime(2026, 2, 2, 11, 24, 56, 773884), 'end_date': None, 'sla_days': 0, 'post_go_live_bugs': 0, 'churn_risk': False, 'documentation_status': 'PARTIAL', 'points': 0.7, 'lead_time_days': 0, 'ticket_count': 0, 'has_blocking_issue': False, 'last_blocker_reason': None, 'updated_at': datetime.datetime(2026, 2, 19, 11, 24, 56, 774599)}]
(Background on this error at: https://sqlalche.me/e/20/gkpj)
Erro na loja 54 (Castelinho Supermercado (MigraþÒo Mercadapp)): (psycopg2.errors.NotNullViolation) null value in column "snapshot_date" of relation "integration_metrics" violates not-null constraint
DETAIL:  Failing row contains (217, 54, null, 0, 0, f, null, 2026-02-19 11:24:56.799698, 2026-02-12 11:24:56.79862, null, 0, 0, t, PARTIAL, 1).

[SQL: INSERT INTO integration_metrics (store_id, start_date, end_date, sla_days, post_go_live_bugs, churn_risk, documentation_status, points, lead_time_days, ticket_count, has_blocking_issue, last_blocker_reason, updated_at) VALUES (%(store_id)s, %(start_date)s, %(end_date)s, %(sla_days)s, %(post_go_live_bugs)s, %(churn_risk)s, %(documentation_status)s, %(points)s, %(lead_time_days)s, %(ticket_count)s, %(has_blocking_issue)s, %(last_blocker_reason)s, %(updated_at)s) RETURNING integration_metrics.id]
[parameters: {'store_id': 54, 'start_date': datetime.datetime(2026, 2, 12, 11, 24, 56, 798620), 'end_date': None, 'sla_days': 0, 'post_go_live_bugs': 0, 'churn_risk': True, 'documentation_status': 'PARTIAL', 'points': 1.0, 'lead_time_days': 0, 'ticket_count': 0, 'has_blocking_issue': False, 'last_blocker_reason': None, 'updated_at': datetime.datetime(2026, 2, 19, 11, 24, 56, 799698)}]
(Background on this error at: https://sqlalche.me/e/20/gkpj)
Erro na loja 48 (Ana Risorlange Bonsucesso (MigraþÒo Mercadapp)): (psycopg2.errors.NotNullViolation) null value in column "snapshot_date" of relation "integration_metrics" violates not-null constraint
DETAIL:  Failing row contains (218, 48, null, 0, 0, f, null, 2026-02-19 11:24:56.821152, 2026-02-08 11:24:56.820475, null, 0, 0, f, PARTIAL, 0.7).

[SQL: INSERT INTO integration_metrics (store_id, start_date, end_date, sla_days, post_go_live_bugs, churn_risk, documentation_status, points, lead_time_days, ticket_count, has_blocking_issue, last_blocker_reason, updated_at) VALUES (%(store_id)s, %(start_date)s, %(end_date)s, %(sla_days)s, %(post_go_live_bugs)s, %(churn_risk)s, %(documentation_status)s, %(points)s, %(lead_time_days)s, %(ticket_count)s, %(has_blocking_issue)s, %(last_blocker_reason)s, %(updated_at)s) RETURNING integration_metrics.id]
[parameters: {'store_id': 48, 'start_date': datetime.datetime(2026, 2, 8, 11, 24, 56, 820475), 'end_date': None, 'sla_days': 0, 'post_go_live_bugs': 0, 'churn_risk': False, 'documentation_status': 'PARTIAL', 'points': 0.7, 'lead_time_days': 0, 'ticket_count': 0, 'has_blocking_issue': False, 'last_blocker_reason': None, 'updated_at': datetime.datetime(2026, 2, 19, 11, 24, 56, 821152)}]
(Background on this error at: https://sqlalche.me/e/20/gkpj)
Erro na loja 64 (SuperD¾): (psycopg2.errors.NotNullViolation) null value in column "snapshot_date" of relation "integration_metrics" violates not-null constraint
DETAIL:  Failing row contains (219, 64, null, 0, 0, f, null, 2026-02-19 11:24:56.841876, 2026-01-08 11:24:56.840981, 2026-01-24 11:24:56.840981, 16, 0, f, DONE, 1).

[SQL: INSERT INTO integration_metrics (store_id, start_date, end_date, sla_days, post_go_live_bugs, churn_risk, documentation_status, points, lead_time_days, ticket_count, has_blocking_issue, last_blocker_reason, updated_at) VALUES (%(store_id)s, %(start_date)s, %(end_date)s, %(sla_days)s, %(post_go_live_bugs)s, %(churn_risk)s, %(documentation_status)s, %(points)s, %(lead_time_days)s, %(ticket_count)s, %(has_blocking_issue)s, %(last_blocker_reason)s, %(updated_at)s) RETURNING integration_metrics.id]
[parameters: {'store_id': 64, 'start_date': datetime.datetime(2026, 1, 8, 11, 24, 56, 840981), 'end_date': datetime.datetime(2026, 1, 24, 11, 24, 56, 840981), 'sla_days': 16, 'post_go_live_bugs': 0, 'churn_risk': False, 'documentation_status': 'DONE', 'points': 1.0, 'lead_time_days': 0, 'ticket_count': 0, 'has_blocking_issue': False, 'last_blocker_reason': None, 'updated_at': datetime.datetime(2026, 2, 19, 11, 24, 56, 841876)}]
(Background on this error at: https://sqlalche.me/e/20/gkpj)
Erro na loja 55 (Mais Cerveja): (psycopg2.errors.NotNullViolation) null value in column "snapshot_date" of relation "integration_metrics" violates not-null constraint
DETAIL:  Failing row contains (220, 55, null, 0, 0, f, null, 2026-02-19 11:24:56.857548, 2025-12-25 11:24:56.856912, 2026-01-11 11:24:56.856912, 17, 0, f, DONE, 1).

[SQL: INSERT INTO integration_metrics (store_id, start_date, end_date, sla_days, post_go_live_bugs, churn_risk, documentation_status, points, lead_time_days, ticket_count, has_blocking_issue, last_blocker_reason, updated_at) VALUES (%(store_id)s, %(start_date)s, %(end_date)s, %(sla_days)s, %(post_go_live_bugs)s, %(churn_risk)s, %(documentation_status)s, %(points)s, %(lead_time_days)s, %(ticket_count)s, %(has_blocking_issue)s, %(last_blocker_reason)s, %(updated_at)s) RETURNING integration_metrics.id]
[parameters: {'store_id': 55, 'start_date': datetime.datetime(2025, 12, 25, 11, 24, 56, 856912), 'end_date': datetime.datetime(2026, 1, 11, 11, 24, 56, 856912), 'sla_days': 17, 'post_go_live_bugs': 0, 'churn_risk': False, 'documentation_status': 'DONE', 'points': 1.0, 'lead_time_days': 0, 'ticket_count': 0, 'has_blocking_issue': False, 'last_blocker_reason': None, 'updated_at': datetime.datetime(2026, 2, 19, 11, 24, 56, 857548)}]
(Background on this error at: https://sqlalche.me/e/20/gkpj)
Erro na loja 62 (Rota da Economia): (psycopg2.errors.NotNullViolation) null value in column "snapshot_date" of relation "integration_metrics" violates not-null constraint
DETAIL:  Failing row contains (221, 62, null, 0, 0, f, null, 2026-02-19 11:24:56.874328, 2026-02-11 11:24:56.873931, null, 0, 0, t, PENDING, 1).

[SQL: INSERT INTO integration_metrics (store_id, start_date, end_date, sla_days, post_go_live_bugs, churn_risk, documentation_status, points, lead_time_days, ticket_count, has_blocking_issue, last_blocker_reason, updated_at) VALUES (%(store_id)s, %(start_date)s, %(end_date)s, %(sla_days)s, %(post_go_live_bugs)s, %(churn_risk)s, %(documentation_status)s, %(points)s, %(lead_time_days)s, %(ticket_count)s, %(has_blocking_issue)s, %(last_blocker_reason)s, %(updated_at)s) RETURNING integration_metrics.id]
[parameters: {'store_id': 62, 'start_date': datetime.datetime(2026, 2, 11, 11, 24, 56, 873931), 'end_date': None, 'sla_days': 0, 'post_go_live_bugs': 0, 'churn_risk': True, 'documentation_status': 'PENDING', 'points': 1.0, 'lead_time_days': 0, 'ticket_count': 0, 'has_blocking_issue': False, 'last_blocker_reason': None, 'updated_at': datetime.datetime(2026, 2, 19, 11, 24, 56, 874328)}]
(Background on this error at: https://sqlalche.me/e/20/gkpj)
Erro na loja 57 (Mercado Macedo): (psycopg2.errors.NotNullViolation) null value in column "snapshot_date" of relation "integration_metrics" violates not-null constraint
DETAIL:  Failing row contains (222, 57, null, 0, 0, f, null, 2026-02-19 11:24:56.890601, 2026-01-25 11:24:56.8898, null, 0, 0, t, PARTIAL, 1).

[SQL: INSERT INTO integration_metrics (store_id, start_date, end_date, sla_days, post_go_live_bugs, churn_risk, documentation_status, points, lead_time_days, ticket_count, has_blocking_issue, last_blocker_reason, updated_at) VALUES (%(store_id)s, %(start_date)s, %(end_date)s, %(sla_days)s, %(post_go_live_bugs)s, %(churn_risk)s, %(documentation_status)s, %(points)s, %(lead_time_days)s, %(ticket_count)s, %(has_blocking_issue)s, %(last_blocker_reason)s, %(updated_at)s) RETURNING integration_metrics.id]
[parameters: {'store_id': 57, 'start_date': datetime.datetime(2026, 1, 25, 11, 24, 56, 889800), 'end_date': None, 'sla_days': 0, 'post_go_live_bugs': 0, 'churn_risk': True, 'documentation_status': 'PARTIAL', 'points': 1.0, 'lead_time_days': 0, 'ticket_count': 0, 'has_blocking_issue': False, 'last_blocker_reason': None, 'updated_at': datetime.datetime(2026, 2, 19, 11, 24, 56, 890601)}]
(Background on this error at: https://sqlalche.me/e/20/gkpj)
Erro na loja 58 (DescontÒo CecÝlio Mota): (psycopg2.errors.NotNullViolation) null value in column "snapshot_date" of relation "integration_metrics" violates not-null constraint
DETAIL:  Failing row contains (223, 58, null, 0, 0, f, null, 2026-02-19 11:24:56.904691, 2026-01-25 11:24:56.903793, null, 0, 0, f, PARTIAL, 1).

[SQL: INSERT INTO integration_metrics (store_id, start_date, end_date, sla_days, post_go_live_bugs, churn_risk, documentation_status, points, lead_time_days, ticket_count, has_blocking_issue, last_blocker_reason, updated_at) VALUES (%(store_id)s, %(start_date)s, %(end_date)s, %(sla_days)s, %(post_go_live_bugs)s, %(churn_risk)s, %(documentation_status)s, %(points)s, %(lead_time_days)s, %(ticket_count)s, %(has_blocking_issue)s, %(last_blocker_reason)s, %(updated_at)s) RETURNING integration_metrics.id]
[parameters: {'store_id': 58, 'start_date': datetime.datetime(2026, 1, 25, 11, 24, 56, 903793), 'end_date': None, 'sla_days': 0, 'post_go_live_bugs': 0, 'churn_risk': False, 'documentation_status': 'PARTIAL', 'points': 1.0, 'lead_time_days': 0, 'ticket_count': 0, 'has_blocking_issue': False, 'last_blocker_reason': None, 'updated_at': datetime.datetime(2026, 2, 19, 11, 24, 56, 904691)}]
(Background on this error at: https://sqlalche.me/e/20/gkpj)
Erro na loja 66 (Mix Bahia Vilas): (psycopg2.errors.NotNullViolation) null value in column "snapshot_date" of relation "integration_metrics" violates not-null constraint
DETAIL:  Failing row contains (224, 66, null, 0, 0, f, null, 2026-02-19 11:24:56.914703, 2026-01-01 11:24:56.914259, 2026-01-29 11:24:56.914259, 28, 0, f, DONE, 1).

[SQL: INSERT INTO integration_metrics (store_id, start_date, end_date, sla_days, post_go_live_bugs, churn_risk, documentation_status, points, lead_time_days, ticket_count, has_blocking_issue, last_blocker_reason, updated_at) VALUES (%(store_id)s, %(start_date)s, %(end_date)s, %(sla_days)s, %(post_go_live_bugs)s, %(churn_risk)s, %(documentation_status)s, %(points)s, %(lead_time_days)s, %(ticket_count)s, %(has_blocking_issue)s, %(last_blocker_reason)s, %(updated_at)s) RETURNING integration_metrics.id]
[parameters: {'store_id': 66, 'start_date': datetime.datetime(2026, 1, 1, 11, 24, 56, 914259), 'end_date': datetime.datetime(2026, 1, 29, 11, 24, 56, 914259), 'sla_days': 28, 'post_go_live_bugs': 0, 'churn_risk': False, 'documentation_status': 'DONE', 'points': 1.0, 'lead_time_days': 0, 'ticket_count': 0, 'has_blocking_issue': False, 'last_blocker_reason': None, 'updated_at': datetime.datetime(2026, 2, 19, 11, 24, 56, 914703)}]
(Background on this error at: https://sqlalche.me/e/20/gkpj)
Erro na loja 61 (Araripe Supermercado EusÚbio (MigraþÒo Mercadapp)): (psycopg2.errors.NotNullViolation) null value in column "snapshot_date" of relation "integration_metrics" violates not-null constraint
DETAIL:  Failing row contains (225, 61, null, 0, 0, f, null, 2026-02-19 11:24:56.926023, 2026-02-06 11:24:56.925637, null, 0, 0, f, PARTIAL, 0.7).

[SQL: INSERT INTO integration_metrics (store_id, start_date, end_date, sla_days, post_go_live_bugs, churn_risk, documentation_status, points, lead_time_days, ticket_count, has_blocking_issue, last_blocker_reason, updated_at) VALUES (%(store_id)s, %(start_date)s, %(end_date)s, %(sla_days)s, %(post_go_live_bugs)s, %(churn_risk)s, %(documentation_status)s, %(points)s, %(lead_time_days)s, %(ticket_count)s, %(has_blocking_issue)s, %(last_blocker_reason)s, %(updated_at)s) RETURNING integration_metrics.id]
[parameters: {'store_id': 61, 'start_date': datetime.datetime(2026, 2, 6, 11, 24, 56, 925637), 'end_date': None, 'sla_days': 0, 'post_go_live_bugs': 0, 'churn_risk': False, 'documentation_status': 'PARTIAL', 'points': 0.7, 'lead_time_days': 0, 'ticket_count': 0, 'has_blocking_issue': False, 'last_blocker_reason': None, 'updated_at': datetime.datetime(2026, 2, 19, 11, 24, 56, 926023)}]
(Background on this error at: https://sqlalche.me/e/20/gkpj)
Erro na loja 34 (Emporio Natural Mix - Loja 4 - Tijucas): (psycopg2.errors.NotNullViolation) null value in column "snapshot_date" of relation "integration_metrics" violates not-null constraint
DETAIL:  Failing row contains (226, 34, null, 0, 0, f, null, 2026-02-19 11:24:56.937923, 2026-01-29 11:24:56.937199, null, 0, 0, f, PENDING, 0.7).

[SQL: INSERT INTO integration_metrics (store_id, start_date, end_date, sla_days, post_go_live_bugs, churn_risk, documentation_status, points, lead_time_days, ticket_count, has_blocking_issue, last_blocker_reason, updated_at) VALUES (%(store_id)s, %(start_date)s, %(end_date)s, %(sla_days)s, %(post_go_live_bugs)s, %(churn_risk)s, %(documentation_status)s, %(points)s, %(lead_time_days)s, %(ticket_count)s, %(has_blocking_issue)s, %(last_blocker_reason)s, %(updated_at)s) RETURNING integration_metrics.id]
[parameters: {'store_id': 34, 'start_date': datetime.datetime(2026, 1, 29, 11, 24, 56, 937199), 'end_date': None, 'sla_days': 0, 'post_go_live_bugs': 0, 'churn_risk': False, 'documentation_status': 'PENDING', 'points': 0.7, 'lead_time_days': 0, 'ticket_count': 0, 'has_blocking_issue': False, 'last_blocker_reason': None, 'updated_at': datetime.datetime(2026, 2, 19, 11, 24, 56, 937923)}]
(Background on this error at: https://sqlalche.me/e/20/gkpj)
Erro na loja 65 (Novo Prßtico Supermercados): (psycopg2.errors.NotNullViolation) null value in column "snapshot_date" of relation "integration_metrics" violates not-null constraint
DETAIL:  Failing row contains (227, 65, null, 0, 0, f, null, 2026-02-19 11:24:56.959011, 2026-01-04 11:24:56.958014, 2026-02-05 11:24:56.958014, 32, 0, f, DONE, 1).

[SQL: INSERT INTO integration_metrics (store_id, start_date, end_date, sla_days, post_go_live_bugs, churn_risk, documentation_status, points, lead_time_days, ticket_count, has_blocking_issue, last_blocker_reason, updated_at) VALUES (%(store_id)s, %(start_date)s, %(end_date)s, %(sla_days)s, %(post_go_live_bugs)s, %(churn_risk)s, %(documentation_status)s, %(points)s, %(lead_time_days)s, %(ticket_count)s, %(has_blocking_issue)s, %(last_blocker_reason)s, %(updated_at)s) RETURNING integration_metrics.id]
[parameters: {'store_id': 65, 'start_date': datetime.datetime(2026, 1, 4, 11, 24, 56, 958014), 'end_date': datetime.datetime(2026, 2, 5, 11, 24, 56, 958014), 'sla_days': 32, 'post_go_live_bugs': 0, 'churn_risk': False, 'documentation_status': 'DONE', 'points': 1.0, 'lead_time_days': 0, 'ticket_count': 0, 'has_blocking_issue': False, 'last_blocker_reason': None, 'updated_at': datetime.datetime(2026, 2, 19, 11, 24, 56, 959011)}]
(Background on this error at: https://sqlalche.me/e/20/gkpj)
Erro na loja 44 (Supermercado Lagoa - Santos Dumont [MigraþÒo Mercadapp]): (psycopg2.errors.NotNullViolation) null value in column "snapshot_date" of relation "integration_metrics" violates not-null constraint
DETAIL:  Failing row contains (228, 44, null, 0, 0, f, null, 2026-02-19 11:24:56.98386, 2025-12-26 11:24:56.982595, 2026-01-12 11:24:56.982595, 17, 0, f, DONE, 0.7).

[SQL: INSERT INTO integration_metrics (store_id, start_date, end_date, sla_days, post_go_live_bugs, churn_risk, documentation_status, points, lead_time_days, ticket_count, has_blocking_issue, last_blocker_reason, updated_at) VALUES (%(store_id)s, %(start_date)s, %(end_date)s, %(sla_days)s, %(post_go_live_bugs)s, %(churn_risk)s, %(documentation_status)s, %(points)s, %(lead_time_days)s, %(ticket_count)s, %(has_blocking_issue)s, %(last_blocker_reason)s, %(updated_at)s) RETURNING integration_metrics.id]
[parameters: {'store_id': 44, 'start_date': datetime.datetime(2025, 12, 26, 11, 24, 56, 982595), 'end_date': datetime.datetime(2026, 1, 12, 11, 24, 56, 982595), 'sla_days': 17, 'post_go_live_bugs': 0, 'churn_risk': False, 'documentation_status': 'DONE', 'points': 0.7, 'lead_time_days': 0, 'ticket_count': 0, 'has_blocking_issue': False, 'last_blocker_reason': None, 'updated_at': datetime.datetime(2026, 2, 19, 11, 24, 56, 983860)}]
(Background on this error at: https://sqlalche.me/e/20/gkpj)
Erro na loja 46 (Almeida Supermercado): (psycopg2.errors.NotNullViolation) null value in column "snapshot_date" of relation "integration_metrics" violates not-null constraint
DETAIL:  Failing row contains (229, 46, null, 0, 0, f, null, 2026-02-19 11:24:57.011566, 2026-02-12 11:24:57.010283, null, 0, 0, f, PENDING, 1).

[SQL: INSERT INTO integration_metrics (store_id, start_date, end_date, sla_days, post_go_live_bugs, churn_risk, documentation_status, points, lead_time_days, ticket_count, has_blocking_issue, last_blocker_reason, updated_at) VALUES (%(store_id)s, %(start_date)s, %(end_date)s, %(sla_days)s, %(post_go_live_bugs)s, %(churn_risk)s, %(documentation_status)s, %(points)s, %(lead_time_days)s, %(ticket_count)s, %(has_blocking_issue)s, %(last_blocker_reason)s, %(updated_at)s) RETURNING integration_metrics.id]
[parameters: {'store_id': 46, 'start_date': datetime.datetime(2026, 2, 12, 11, 24, 57, 10283), 'end_date': None, 'sla_days': 0, 'post_go_live_bugs': 0, 'churn_risk': False, 'documentation_status': 'PENDING', 'points': 1.0, 'lead_time_days': 0, 'ticket_count': 0, 'has_blocking_issue': False, 'last_blocker_reason': None, 'updated_at': datetime.datetime(2026, 2, 19, 11, 24, 57, 11566)}]
(Background on this error at: https://sqlalche.me/e/20/gkpj)
Erro na loja 42 (Supermercado Lagoa - Lago Jacarey): (psycopg2.errors.NotNullViolation) null value in column "snapshot_date" of relation "integration_metrics" violates not-null constraint
DETAIL:  Failing row contains (230, 42, null, 0, 0, f, null, 2026-02-19 11:24:57.03917, 2025-11-29 11:24:57.037974, 2025-12-24 11:24:57.037974, 25, 0, f, DONE, 0.7).

[SQL: INSERT INTO integration_metrics (store_id, start_date, end_date, sla_days, post_go_live_bugs, churn_risk, documentation_status, points, lead_time_days, ticket_count, has_blocking_issue, last_blocker_reason, updated_at) VALUES (%(store_id)s, %(start_date)s, %(end_date)s, %(sla_days)s, %(post_go_live_bugs)s, %(churn_risk)s, %(documentation_status)s, %(points)s, %(lead_time_days)s, %(ticket_count)s, %(has_blocking_issue)s, %(last_blocker_reason)s, %(updated_at)s) RETURNING integration_metrics.id]
[parameters: {'store_id': 42, 'start_date': datetime.datetime(2025, 11, 29, 11, 24, 57, 37974), 'end_date': datetime.datetime(2025, 12, 24, 11, 24, 57, 37974), 'sla_days': 25, 'post_go_live_bugs': 0, 'churn_risk': False, 'documentation_status': 'DONE', 'points': 0.7, 'lead_time_days': 0, 'ticket_count': 0, 'has_blocking_issue': False, 'last_blocker_reason': None, 'updated_at': datetime.datetime(2026, 2, 19, 11, 24, 57, 39170)}]
(Background on this error at: https://sqlalche.me/e/20/gkpj)
Erro na loja 8 (RedeMIX - Loja 04 (MigraþÒo VTEX)): (psycopg2.errors.NotNullViolation) null value in column "snapshot_date" of relation "integration_metrics" violates not-null constraint
DETAIL:  Failing row contains (231, 8, null, 0, 0, f, null, 2026-02-19 11:24:57.071393, 2026-02-07 11:24:57.07007, null, 0, 0, f, PARTIAL, 0.7).

[SQL: INSERT INTO integration_metrics (store_id, start_date, end_date, sla_days, post_go_live_bugs, churn_risk, documentation_status, points, lead_time_days, ticket_count, has_blocking_issue, last_blocker_reason, updated_at) VALUES (%(store_id)s, %(start_date)s, %(end_date)s, %(sla_days)s, %(post_go_live_bugs)s, %(churn_risk)s, %(documentation_status)s, %(points)s, %(lead_time_days)s, %(ticket_count)s, %(has_blocking_issue)s, %(last_blocker_reason)s, %(updated_at)s) RETURNING integration_metrics.id]
[parameters: {'store_id': 8, 'start_date': datetime.datetime(2026, 2, 7, 11, 24, 57, 70070), 'end_date': None, 'sla_days': 0, 'post_go_live_bugs': 0, 'churn_risk': False, 'documentation_status': 'PARTIAL', 'points': 0.7, 'lead_time_days': 0, 'ticket_count': 0, 'has_blocking_issue': False, 'last_blocker_reason': None, 'updated_at': datetime.datetime(2026, 2, 19, 11, 24, 57, 71393)}]
(Background on this error at: https://sqlalche.me/e/20/gkpj)
Erro na loja 10 (RedeMIX - Loja 2 (MigraþÒo VTEX)): (psycopg2.errors.NotNullViolation) null value in column "snapshot_date" of relation "integration_metrics" violates not-null constraint
DETAIL:  Failing row contains (232, 10, null, 0, 0, f, null, 2026-02-19 11:24:57.101624, 2026-02-13 11:24:57.10045, null, 0, 0, f, PENDING, 0.7).

[SQL: INSERT INTO integration_metrics (store_id, start_date, end_date, sla_days, post_go_live_bugs, churn_risk, documentation_status, points, lead_time_days, ticket_count, has_blocking_issue, last_blocker_reason, updated_at) VALUES (%(store_id)s, %(start_date)s, %(end_date)s, %(sla_days)s, %(post_go_live_bugs)s, %(churn_risk)s, %(documentation_status)s, %(points)s, %(lead_time_days)s, %(ticket_count)s, %(has_blocking_issue)s, %(last_blocker_reason)s, %(updated_at)s) RETURNING integration_metrics.id]
[parameters: {'store_id': 10, 'start_date': datetime.datetime(2026, 2, 13, 11, 24, 57, 100450), 'end_date': None, 'sla_days': 0, 'post_go_live_bugs': 0, 'churn_risk': False, 'documentation_status': 'PENDING', 'points': 0.7, 'lead_time_days': 0, 'ticket_count': 0, 'has_blocking_issue': False, 'last_blocker_reason': None, 'updated_at': datetime.datetime(2026, 2, 19, 11, 24, 57, 101624)}]
(Background on this error at: https://sqlalche.me/e/20/gkpj)
Erro na loja 24 (Supermarket Torre Maria da Graþa): (psycopg2.errors.NotNullViolation) null value in column "snapshot_date" of relation "integration_metrics" violates not-null constraint
DETAIL:  Failing row contains (233, 24, null, 0, 0, f, null, 2026-02-19 11:24:57.134109, 2026-01-20 11:24:57.132863, null, 0, 0, t, PARTIAL, 0.7).

[SQL: INSERT INTO integration_metrics (store_id, start_date, end_date, sla_days, post_go_live_bugs, churn_risk, documentation_status, points, lead_time_days, ticket_count, has_blocking_issue, last_blocker_reason, updated_at) VALUES (%(store_id)s, %(start_date)s, %(end_date)s, %(sla_days)s, %(post_go_live_bugs)s, %(churn_risk)s, %(documentation_status)s, %(points)s, %(lead_time_days)s, %(ticket_count)s, %(has_blocking_issue)s, %(last_blocker_reason)s, %(updated_at)s) RETURNING integration_metrics.id]
[parameters: {'store_id': 24, 'start_date': datetime.datetime(2026, 1, 20, 11, 24, 57, 132863), 'end_date': None, 'sla_days': 0, 'post_go_live_bugs': 0, 'churn_risk': True, 'documentation_status': 'PARTIAL', 'points': 0.7, 'lead_time_days': 0, 'ticket_count': 0, 'has_blocking_issue': False, 'last_blocker_reason': None, 'updated_at': datetime.datetime(2026, 2, 19, 11, 24, 57, 134109)}]
(Background on this error at: https://sqlalche.me/e/20/gkpj)
Erro na loja 30 (Emp¾rio Pas - Loja 04 - Andradina): (psycopg2.errors.NotNullViolation) null value in column "snapshot_date" of relation "integration_metrics" violates not-null constraint
DETAIL:  Failing row contains (234, 30, null, 0, 0, f, null, 2026-02-19 11:24:57.173422, 2026-01-22 11:24:57.171745, null, 0, 0, f, PENDING, 0.7).

[SQL: INSERT INTO integration_metrics (store_id, start_date, end_date, sla_days, post_go_live_bugs, churn_risk, documentation_status, points, lead_time_days, ticket_count, has_blocking_issue, last_blocker_reason, updated_at) VALUES (%(store_id)s, %(start_date)s, %(end_date)s, %(sla_days)s, %(post_go_live_bugs)s, %(churn_risk)s, %(documentation_status)s, %(points)s, %(lead_time_days)s, %(ticket_count)s, %(has_blocking_issue)s, %(last_blocker_reason)s, %(updated_at)s) RETURNING integration_metrics.id]
[parameters: {'store_id': 30, 'start_date': datetime.datetime(2026, 1, 22, 11, 24, 57, 171745), 'end_date': None, 'sla_days': 0, 'post_go_live_bugs': 0, 'churn_risk': False, 'documentation_status': 'PENDING', 'points': 0.7, 'lead_time_days': 0, 'ticket_count': 0, 'has_blocking_issue': False, 'last_blocker_reason': None, 'updated_at': datetime.datetime(2026, 2, 19, 11, 24, 57, 173422)}]
(Background on this error at: https://sqlalche.me/e/20/gkpj)
Erro na loja 3 (RedeMIX - Loja 09 (MigraþÒo VTEX)): (psycopg2.errors.NotNullViolation) null value in column "snapshot_date" of relation "integration_metrics" violates not-null constraint
DETAIL:  Failing row contains (235, 3, null, 0, 0, f, null, 2026-02-19 11:24:57.204344, 2026-01-23 11:24:57.203162, null, 0, 0, f, PENDING, 0.7).

[SQL: INSERT INTO integration_metrics (store_id, start_date, end_date, sla_days, post_go_live_bugs, churn_risk, documentation_status, points, lead_time_days, ticket_count, has_blocking_issue, last_blocker_reason, updated_at) VALUES (%(store_id)s, %(start_date)s, %(end_date)s, %(sla_days)s, %(post_go_live_bugs)s, %(churn_risk)s, %(documentation_status)s, %(points)s, %(lead_time_days)s, %(ticket_count)s, %(has_blocking_issue)s, %(last_blocker_reason)s, %(updated_at)s) RETURNING integration_metrics.id]
[parameters: {'store_id': 3, 'start_date': datetime.datetime(2026, 1, 23, 11, 24, 57, 203162), 'end_date': None, 'sla_days': 0, 'post_go_live_bugs': 0, 'churn_risk': False, 'documentation_status': 'PENDING', 'points': 0.7, 'lead_time_days': 0, 'ticket_count': 0, 'has_blocking_issue': False, 'last_blocker_reason': None, 'updated_at': datetime.datetime(2026, 2, 19, 11, 24, 57, 204344)}]
(Background on this error at: https://sqlalche.me/e/20/gkpj)
Erro na loja 6 (RedeMIX - Loja 06 (MigraþÒo VTEX)): (psycopg2.errors.NotNullViolation) null value in column "snapshot_date" of relation "integration_metrics" violates not-null constraint
DETAIL:  Failing row contains (236, 6, null, 0, 0, f, null, 2026-02-19 11:24:57.238827, 2026-01-25 11:24:57.236945, null, 0, 0, f, PARTIAL, 0.7).

[SQL: INSERT INTO integration_metrics (store_id, start_date, end_date, sla_days, post_go_live_bugs, churn_risk, documentation_status, points, lead_time_days, ticket_count, has_blocking_issue, last_blocker_reason, updated_at) VALUES (%(store_id)s, %(start_date)s, %(end_date)s, %(sla_days)s, %(post_go_live_bugs)s, %(churn_risk)s, %(documentation_status)s, %(points)s, %(lead_time_days)s, %(ticket_count)s, %(has_blocking_issue)s, %(last_blocker_reason)s, %(updated_at)s) RETURNING integration_metrics.id]
[parameters: {'store_id': 6, 'start_date': datetime.datetime(2026, 1, 25, 11, 24, 57, 236945), 'end_date': None, 'sla_days': 0, 'post_go_live_bugs': 0, 'churn_risk': False, 'documentation_status': 'PARTIAL', 'points': 0.7, 'lead_time_days': 0, 'ticket_count': 0, 'has_blocking_issue': False, 'last_blocker_reason': None, 'updated_at': datetime.datetime(2026, 2, 19, 11, 24, 57, 238827)}]
(Background on this error at: https://sqlalche.me/e/20/gkpj)
Erro na loja 74 (Supermercado SÒo Francisco): (psycopg2.errors.NotNullViolation) null value in column "snapshot_date" of relation "integration_metrics" violates not-null constraint
DETAIL:  Failing row contains (237, 74, null, 0, 0, f, null, 2026-02-19 11:24:57.268266, 2026-01-20 11:24:57.266429, null, 0, 0, f, PARTIAL, 1).

[SQL: INSERT INTO integration_metrics (store_id, start_date, end_date, sla_days, post_go_live_bugs, churn_risk, documentation_status, points, lead_time_days, ticket_count, has_blocking_issue, last_blocker_reason, updated_at) VALUES (%(store_id)s, %(start_date)s, %(end_date)s, %(sla_days)s, %(post_go_live_bugs)s, %(churn_risk)s, %(documentation_status)s, %(points)s, %(lead_time_days)s, %(ticket_count)s, %(has_blocking_issue)s, %(last_blocker_reason)s, %(updated_at)s) RETURNING integration_metrics.id]
[parameters: {'store_id': 74, 'start_date': datetime.datetime(2026, 1, 20, 11, 24, 57, 266429), 'end_date': None, 'sla_days': 0, 'post_go_live_bugs': 0, 'churn_risk': False, 'documentation_status': 'PARTIAL', 'points': 1.0, 'lead_time_days': 0, 'ticket_count': 0, 'has_blocking_issue': False, 'last_blocker_reason': None, 'updated_at': datetime.datetime(2026, 2, 19, 11, 24, 57, 268266)}]
(Background on this error at: https://sqlalche.me/e/20/gkpj)
Erro na loja 63 (Super SSV): (psycopg2.errors.NotNullViolation) null value in column "snapshot_date" of relation "integration_metrics" violates not-null constraint
DETAIL:  Failing row contains (238, 63, null, 0, 0, f, null, 2026-02-19 11:24:57.291463, 2026-01-11 11:24:57.290168, 2026-02-10 11:24:57.290168, 30, 1, f, DONE, 1).

[SQL: INSERT INTO integration_metrics (store_id, start_date, end_date, sla_days, post_go_live_bugs, churn_risk, documentation_status, points, lead_time_days, ticket_count, has_blocking_issue, last_blocker_reason, updated_at) VALUES (%(store_id)s, %(start_date)s, %(end_date)s, %(sla_days)s, %(post_go_live_bugs)s, %(churn_risk)s, %(documentation_status)s, %(points)s, %(lead_time_days)s, %(ticket_count)s, %(has_blocking_issue)s, %(last_blocker_reason)s, %(updated_at)s) RETURNING integration_metrics.id]
[parameters: {'store_id': 63, 'start_date': datetime.datetime(2026, 1, 11, 11, 24, 57, 290168), 'end_date': datetime.datetime(2026, 2, 10, 11, 24, 57, 290168), 'sla_days': 30, 'post_go_live_bugs': 1, 'churn_risk': False, 'documentation_status': 'DONE', 'points': 1.0, 'lead_time_days': 0, 'ticket_count': 0, 'has_blocking_issue': False, 'last_blocker_reason': None, 'updated_at': datetime.datetime(2026, 2, 19, 11, 24, 57, 291463)}]
(Background on this error at: https://sqlalche.me/e/20/gkpj)
Erro na loja 5 (RedeMIX - Loja 7 (MigraþÒo VTEX)): (psycopg2.errors.NotNullViolation) null value in column "snapshot_date" of relation "integration_metrics" violates not-null constraint
DETAIL:  Failing row contains (239, 5, null, 0, 0, f, null, 2026-02-19 11:24:57.317834, 2026-01-28 11:24:57.316412, null, 0, 0, f, PARTIAL, 0.7).

[SQL: INSERT INTO integration_metrics (store_id, start_date, end_date, sla_days, post_go_live_bugs, churn_risk, documentation_status, points, lead_time_days, ticket_count, has_blocking_issue, last_blocker_reason, updated_at) VALUES (%(store_id)s, %(start_date)s, %(end_date)s, %(sla_days)s, %(post_go_live_bugs)s, %(churn_risk)s, %(documentation_status)s, %(points)s, %(lead_time_days)s, %(ticket_count)s, %(has_blocking_issue)s, %(last_blocker_reason)s, %(updated_at)s) RETURNING integration_metrics.id]
[parameters: {'store_id': 5, 'start_date': datetime.datetime(2026, 1, 28, 11, 24, 57, 316412), 'end_date': None, 'sla_days': 0, 'post_go_live_bugs': 0, 'churn_risk': False, 'documentation_status': 'PARTIAL', 'points': 0.7, 'lead_time_days': 0, 'ticket_count': 0, 'has_blocking_issue': False, 'last_blocker_reason': None, 'updated_at': datetime.datetime(2026, 2, 19, 11, 24, 57, 317834)}]
(Background on this error at: https://sqlalche.me/e/20/gkpj)
Erro na loja 7 (RedeMIX - Loja 5 (MigraþÒo VTEX)): (psycopg2.errors.NotNullViolation) null value in column "snapshot_date" of relation "integration_metrics" violates not-null constraint
DETAIL:  Failing row contains (240, 7, null, 0, 0, f, null, 2026-02-19 11:24:57.349052, 2026-01-25 11:24:57.347788, null, 0, 0, f, PENDING, 0.7).

[SQL: INSERT INTO integration_metrics (store_id, start_date, end_date, sla_days, post_go_live_bugs, churn_risk, documentation_status, points, lead_time_days, ticket_count, has_blocking_issue, last_blocker_reason, updated_at) VALUES (%(store_id)s, %(start_date)s, %(end_date)s, %(sla_days)s, %(post_go_live_bugs)s, %(churn_risk)s, %(documentation_status)s, %(points)s, %(lead_time_days)s, %(ticket_count)s, %(has_blocking_issue)s, %(last_blocker_reason)s, %(updated_at)s) RETURNING integration_metrics.id]
[parameters: {'store_id': 7, 'start_date': datetime.datetime(2026, 1, 25, 11, 24, 57, 347788), 'end_date': None, 'sla_days': 0, 'post_go_live_bugs': 0, 'churn_risk': False, 'documentation_status': 'PENDING', 'points': 0.7, 'lead_time_days': 0, 'ticket_count': 0, 'has_blocking_issue': False, 'last_blocker_reason': None, 'updated_at': datetime.datetime(2026, 2, 19, 11, 24, 57, 349052)}]
(Background on this error at: https://sqlalche.me/e/20/gkpj)
Erro na loja 9 (RedeMIX - Loja 3 (MigraþÒo VTEX)): (psycopg2.errors.NotNullViolation) null value in column "snapshot_date" of relation "integration_metrics" violates not-null constraint
DETAIL:  Failing row contains (241, 9, null, 0, 0, f, null, 2026-02-19 11:24:57.379675, 2026-02-02 11:24:57.378247, null, 0, 0, f, PARTIAL, 0.7).

[SQL: INSERT INTO integration_metrics (store_id, start_date, end_date, sla_days, post_go_live_bugs, churn_risk, documentation_status, points, lead_time_days, ticket_count, has_blocking_issue, last_blocker_reason, updated_at) VALUES (%(store_id)s, %(start_date)s, %(end_date)s, %(sla_days)s, %(post_go_live_bugs)s, %(churn_risk)s, %(documentation_status)s, %(points)s, %(lead_time_days)s, %(ticket_count)s, %(has_blocking_issue)s, %(last_blocker_reason)s, %(updated_at)s) RETURNING integration_metrics.id]
[parameters: {'store_id': 9, 'start_date': datetime.datetime(2026, 2, 2, 11, 24, 57, 378247), 'end_date': None, 'sla_days': 0, 'post_go_live_bugs': 0, 'churn_risk': False, 'documentation_status': 'PARTIAL', 'points': 0.7, 'lead_time_days': 0, 'ticket_count': 0, 'has_blocking_issue': False, 'last_blocker_reason': None, 'updated_at': datetime.datetime(2026, 2, 19, 11, 24, 57, 379675)}]
(Background on this error at: https://sqlalche.me/e/20/gkpj)
Erro na loja 68 (Camilo Supermercados - Marialva): (psycopg2.errors.NotNullViolation) null value in column "snapshot_date" of relation "integration_metrics" violates not-null constraint
DETAIL:  Failing row contains (242, 68, null, 0, 0, f, null, 2026-02-19 11:24:57.412022, 2025-11-28 11:24:57.410357, 2025-12-30 11:24:57.410357, 32, 0, f, DONE, 0.7).

[SQL: INSERT INTO integration_metrics (store_id, start_date, end_date, sla_days, post_go_live_bugs, churn_risk, documentation_status, points, lead_time_days, ticket_count, has_blocking_issue, last_blocker_reason, updated_at) VALUES (%(store_id)s, %(start_date)s, %(end_date)s, %(sla_days)s, %(post_go_live_bugs)s, %(churn_risk)s, %(documentation_status)s, %(points)s, %(lead_time_days)s, %(ticket_count)s, %(has_blocking_issue)s, %(last_blocker_reason)s, %(updated_at)s) RETURNING integration_metrics.id]
[parameters: {'store_id': 68, 'start_date': datetime.datetime(2025, 11, 28, 11, 24, 57, 410357), 'end_date': datetime.datetime(2025, 12, 30, 11, 24, 57, 410357), 'sla_days': 32, 'post_go_live_bugs': 0, 'churn_risk': False, 'documentation_status': 'DONE', 'points': 0.7, 'lead_time_days': 0, 'ticket_count': 0, 'has_blocking_issue': False, 'last_blocker_reason': None, 'updated_at': datetime.datetime(2026, 2, 19, 11, 24, 57, 412022)}]
(Background on this error at: https://sqlalche.me/e/20/gkpj)
Erro na loja 29 (Supermarket - BarraBlue): (psycopg2.errors.NotNullViolation) null value in column "snapshot_date" of relation "integration_metrics" violates not-null constraint
DETAIL:  Failing row contains (243, 29, null, 0, 0, f, null, 2026-02-19 11:24:57.445302, 2026-02-03 11:24:57.44401, null, 0, 0, f, PENDING, 1).

[SQL: INSERT INTO integration_metrics (store_id, start_date, end_date, sla_days, post_go_live_bugs, churn_risk, documentation_status, points, lead_time_days, ticket_count, has_blocking_issue, last_blocker_reason, updated_at) VALUES (%(store_id)s, %(start_date)s, %(end_date)s, %(sla_days)s, %(post_go_live_bugs)s, %(churn_risk)s, %(documentation_status)s, %(points)s, %(lead_time_days)s, %(ticket_count)s, %(has_blocking_issue)s, %(last_blocker_reason)s, %(updated_at)s) RETURNING integration_metrics.id]
[parameters: {'store_id': 29, 'start_date': datetime.datetime(2026, 2, 3, 11, 24, 57, 444010), 'end_date': None, 'sla_days': 0, 'post_go_live_bugs': 0, 'churn_risk': False, 'documentation_status': 'PENDING', 'points': 1.0, 'lead_time_days': 0, 'ticket_count': 0, 'has_blocking_issue': False, 'last_blocker_reason': None, 'updated_at': datetime.datetime(2026, 2, 19, 11, 24, 57, 445302)}]
(Background on this error at: https://sqlalche.me/e/20/gkpj)
Erro na loja 50 (╩xito Supermercados WS (MigraþÒo Mercadapp)): (psycopg2.errors.NotNullViolation) null value in column "snapshot_date" of relation "integration_metrics" violates not-null constraint
DETAIL:  Failing row contains (244, 50, null, 0, 0, f, null, 2026-02-19 11:24:57.474533, 2026-01-30 11:24:57.473047, null, 0, 0, f, PARTIAL, 1).

[SQL: INSERT INTO integration_metrics (store_id, start_date, end_date, sla_days, post_go_live_bugs, churn_risk, documentation_status, points, lead_time_days, ticket_count, has_blocking_issue, last_blocker_reason, updated_at) VALUES (%(store_id)s, %(start_date)s, %(end_date)s, %(sla_days)s, %(post_go_live_bugs)s, %(churn_risk)s, %(documentation_status)s, %(points)s, %(lead_time_days)s, %(ticket_count)s, %(has_blocking_issue)s, %(last_blocker_reason)s, %(updated_at)s) RETURNING integration_metrics.id]
[parameters: {'store_id': 50, 'start_date': datetime.datetime(2026, 1, 30, 11, 24, 57, 473047), 'end_date': None, 'sla_days': 0, 'post_go_live_bugs': 0, 'churn_risk': False, 'documentation_status': 'PARTIAL', 'points': 1.0, 'lead_time_days': 0, 'ticket_count': 0, 'has_blocking_issue': False, 'last_blocker_reason': None, 'updated_at': datetime.datetime(2026, 2, 19, 11, 24, 57, 474533)}]
(Background on this error at: https://sqlalche.me/e/20/gkpj)
Erro na loja 67 (Supermercado SuperTreis): (psycopg2.errors.NotNullViolation) null value in column "snapshot_date" of relation "integration_metrics" violates not-null constraint
DETAIL:  Failing row contains (245, 67, null, 0, 0, f, null, 2026-02-19 11:24:57.498465, 2025-12-07 11:24:57.497422, 2025-12-27 11:24:57.497422, 20, 0, f, DONE, 1).

[SQL: INSERT INTO integration_metrics (store_id, start_date, end_date, sla_days, post_go_live_bugs, churn_risk, documentation_status, points, lead_time_days, ticket_count, has_blocking_issue, last_blocker_reason, updated_at) VALUES (%(store_id)s, %(start_date)s, %(end_date)s, %(sla_days)s, %(post_go_live_bugs)s, %(churn_risk)s, %(documentation_status)s, %(points)s, %(lead_time_days)s, %(ticket_count)s, %(has_blocking_issue)s, %(last_blocker_reason)s, %(updated_at)s) RETURNING integration_metrics.id]
[parameters: {'store_id': 67, 'start_date': datetime.datetime(2025, 12, 7, 11, 24, 57, 497422), 'end_date': datetime.datetime(2025, 12, 27, 11, 24, 57, 497422), 'sla_days': 20, 'post_go_live_bugs': 0, 'churn_risk': False, 'documentation_status': 'DONE', 'points': 1.0, 'lead_time_days': 0, 'ticket_count': 0, 'has_blocking_issue': False, 'last_blocker_reason': None, 'updated_at': datetime.datetime(2026, 2, 19, 11, 24, 57, 498465)}]
(Background on this error at: https://sqlalche.me/e/20/gkpj)
Erro na loja 93 (Compre Certo - Maranguape [MIGRAÃ├O MERCADAPP]): (psycopg2.errors.NotNullViolation) null value in column "snapshot_date" of relation "integration_metrics" violates not-null constraint
DETAIL:  Failing row contains (246, 93, null, 0, 0, f, null, 2026-02-19 11:24:57.520288, 2026-01-31 11:24:57.519732, null, 0, 0, t, PARTIAL, 0.7).

[SQL: INSERT INTO integration_metrics (store_id, start_date, end_date, sla_days, post_go_live_bugs, churn_risk, documentation_status, points, lead_time_days, ticket_count, has_blocking_issue, last_blocker_reason, updated_at) VALUES (%(store_id)s, %(start_date)s, %(end_date)s, %(sla_days)s, %(post_go_live_bugs)s, %(churn_risk)s, %(documentation_status)s, %(points)s, %(lead_time_days)s, %(ticket_count)s, %(has_blocking_issue)s, %(last_blocker_reason)s, %(updated_at)s) RETURNING integration_metrics.id]
[parameters: {'store_id': 93, 'start_date': datetime.datetime(2026, 1, 31, 11, 24, 57, 519732), 'end_date': None, 'sla_days': 0, 'post_go_live_bugs': 0, 'churn_risk': True, 'documentation_status': 'PARTIAL', 'points': 0.7, 'lead_time_days': 0, 'ticket_count': 0, 'has_blocking_issue': False, 'last_blocker_reason': None, 'updated_at': datetime.datetime(2026, 2, 19, 11, 24, 57, 520288)}]
(Background on this error at: https://sqlalche.me/e/20/gkpj)
Erro na loja 59 (Super Esperanþa (MigraþÒo Mercadapp)): (psycopg2.errors.NotNullViolation) null value in column "snapshot_date" of relation "integration_metrics" violates not-null constraint
DETAIL:  Failing row contains (247, 59, null, 0, 0, f, null, 2026-02-19 11:24:57.540793, 2025-11-25 11:24:57.539931, 2025-12-31 11:24:57.539931, 36, 0, f, DONE, 1).

[SQL: INSERT INTO integration_metrics (store_id, start_date, end_date, sla_days, post_go_live_bugs, churn_risk, documentation_status, points, lead_time_days, ticket_count, has_blocking_issue, last_blocker_reason, updated_at) VALUES (%(store_id)s, %(start_date)s, %(end_date)s, %(sla_days)s, %(post_go_live_bugs)s, %(churn_risk)s, %(documentation_status)s, %(points)s, %(lead_time_days)s, %(ticket_count)s, %(has_blocking_issue)s, %(last_blocker_reason)s, %(updated_at)s) RETURNING integration_metrics.id]
[parameters: {'store_id': 59, 'start_date': datetime.datetime(2025, 11, 25, 11, 24, 57, 539931), 'end_date': datetime.datetime(2025, 12, 31, 11, 24, 57, 539931), 'sla_days': 36, 'post_go_live_bugs': 0, 'churn_risk': False, 'documentation_status': 'DONE', 'points': 1.0, 'lead_time_days': 0, 'ticket_count': 0, 'has_blocking_issue': False, 'last_blocker_reason': None, 'updated_at': datetime.datetime(2026, 2, 19, 11, 24, 57, 540793)}]
(Background on this error at: https://sqlalche.me/e/20/gkpj)
Erro na loja 96 (Compre Certo - Itaitinga [MIGRAÃ├O MERCADAPP]): (psycopg2.errors.NotNullViolation) null value in column "snapshot_date" of relation "integration_metrics" violates not-null constraint
DETAIL:  Failing row contains (248, 96, null, 0, 0, f, null, 2026-02-19 11:24:57.562822, 2026-02-04 11:24:57.56188, null, 0, 0, f, PENDING, 0.7).

[SQL: INSERT INTO integration_metrics (store_id, start_date, end_date, sla_days, post_go_live_bugs, churn_risk, documentation_status, points, lead_time_days, ticket_count, has_blocking_issue, last_blocker_reason, updated_at) VALUES (%(store_id)s, %(start_date)s, %(end_date)s, %(sla_days)s, %(post_go_live_bugs)s, %(churn_risk)s, %(documentation_status)s, %(points)s, %(lead_time_days)s, %(ticket_count)s, %(has_blocking_issue)s, %(last_blocker_reason)s, %(updated_at)s) RETURNING integration_metrics.id]
[parameters: {'store_id': 96, 'start_date': datetime.datetime(2026, 2, 4, 11, 24, 57, 561880), 'end_date': None, 'sla_days': 0, 'post_go_live_bugs': 0, 'churn_risk': False, 'documentation_status': 'PENDING', 'points': 0.7, 'lead_time_days': 0, 'ticket_count': 0, 'has_blocking_issue': False, 'last_blocker_reason': None, 'updated_at': datetime.datetime(2026, 2, 19, 11, 24, 57, 562822)}]
(Background on this error at: https://sqlalche.me/e/20/gkpj)
Erro na loja 27 (Supermarket Torre Praþa Seca): (psycopg2.errors.NotNullViolation) null value in column "snapshot_date" of relation "integration_metrics" violates not-null constraint
DETAIL:  Failing row contains (249, 27, null, 0, 0, f, null, 2026-02-19 11:24:57.584239, 2026-01-29 11:24:57.583449, null, 0, 0, t, PENDING, 0.7).

[SQL: INSERT INTO integration_metrics (store_id, start_date, end_date, sla_days, post_go_live_bugs, churn_risk, documentation_status, points, lead_time_days, ticket_count, has_blocking_issue, last_blocker_reason, updated_at) VALUES (%(store_id)s, %(start_date)s, %(end_date)s, %(sla_days)s, %(post_go_live_bugs)s, %(churn_risk)s, %(documentation_status)s, %(points)s, %(lead_time_days)s, %(ticket_count)s, %(has_blocking_issue)s, %(last_blocker_reason)s, %(updated_at)s) RETURNING integration_metrics.id]
[parameters: {'store_id': 27, 'start_date': datetime.datetime(2026, 1, 29, 11, 24, 57, 583449), 'end_date': None, 'sla_days': 0, 'post_go_live_bugs': 0, 'churn_risk': True, 'documentation_status': 'PENDING', 'points': 0.7, 'lead_time_days': 0, 'ticket_count': 0, 'has_blocking_issue': False, 'last_blocker_reason': None, 'updated_at': datetime.datetime(2026, 2, 19, 11, 24, 57, 584239)}]
(Background on this error at: https://sqlalche.me/e/20/gkpj)
Erro na loja 28 (Supermarket torre Taquara): (psycopg2.errors.NotNullViolation) null value in column "snapshot_date" of relation "integration_metrics" violates not-null constraint
DETAIL:  Failing row contains (250, 28, null, 0, 0, f, null, 2026-02-19 11:24:57.599447, 2026-01-28 11:24:57.598712, null, 0, 0, f, PENDING, 0.7).

[SQL: INSERT INTO integration_metrics (store_id, start_date, end_date, sla_days, post_go_live_bugs, churn_risk, documentation_status, points, lead_time_days, ticket_count, has_blocking_issue, last_blocker_reason, updated_at) VALUES (%(store_id)s, %(start_date)s, %(end_date)s, %(sla_days)s, %(post_go_live_bugs)s, %(churn_risk)s, %(documentation_status)s, %(points)s, %(lead_time_days)s, %(ticket_count)s, %(has_blocking_issue)s, %(last_blocker_reason)s, %(updated_at)s) RETURNING integration_metrics.id]
[parameters: {'store_id': 28, 'start_date': datetime.datetime(2026, 1, 28, 11, 24, 57, 598712), 'end_date': None, 'sla_days': 0, 'post_go_live_bugs': 0, 'churn_risk': False, 'documentation_status': 'PENDING', 'points': 0.7, 'lead_time_days': 0, 'ticket_count': 0, 'has_blocking_issue': False, 'last_blocker_reason': None, 'updated_at': datetime.datetime(2026, 2, 19, 11, 24, 57, 599447)}]
(Background on this error at: https://sqlalche.me/e/20/gkpj)
Erro na loja 25 (Supermarket Torre Campo Grande): (psycopg2.errors.NotNullViolation) null value in column "snapshot_date" of relation "integration_metrics" violates not-null constraint
DETAIL:  Failing row contains (251, 25, null, 0, 0, f, null, 2026-02-19 11:24:57.618087, 2026-02-02 11:24:57.616987, null, 0, 0, t, PARTIAL, 0.7).

[SQL: INSERT INTO integration_metrics (store_id, start_date, end_date, sla_days, post_go_live_bugs, churn_risk, documentation_status, points, lead_time_days, ticket_count, has_blocking_issue, last_blocker_reason, updated_at) VALUES (%(store_id)s, %(start_date)s, %(end_date)s, %(sla_days)s, %(post_go_live_bugs)s, %(churn_risk)s, %(documentation_status)s, %(points)s, %(lead_time_days)s, %(ticket_count)s, %(has_blocking_issue)s, %(last_blocker_reason)s, %(updated_at)s) RETURNING integration_metrics.id]
[parameters: {'store_id': 25, 'start_date': datetime.datetime(2026, 2, 2, 11, 24, 57, 616987), 'end_date': None, 'sla_days': 0, 'post_go_live_bugs': 0, 'churn_risk': True, 'documentation_status': 'PARTIAL', 'points': 0.7, 'lead_time_days': 0, 'ticket_count': 0, 'has_blocking_issue': False, 'last_blocker_reason': None, 'updated_at': datetime.datetime(2026, 2, 19, 11, 24, 57, 618087)}]
(Background on this error at: https://sqlalche.me/e/20/gkpj)
Erro na loja 71 (Franin Supermercado): (psycopg2.errors.NotNullViolation) null value in column "snapshot_date" of relation "integration_metrics" violates not-null constraint
DETAIL:  Failing row contains (252, 71, null, 0, 0, f, null, 2026-02-19 11:24:57.63306, 2025-12-12 11:24:57.632631, 2026-01-01 11:24:57.632631, 20, 1, f, DONE, 1).

[SQL: INSERT INTO integration_metrics (store_id, start_date, end_date, sla_days, post_go_live_bugs, churn_risk, documentation_status, points, lead_time_days, ticket_count, has_blocking_issue, last_blocker_reason, updated_at) VALUES (%(store_id)s, %(start_date)s, %(end_date)s, %(sla_days)s, %(post_go_live_bugs)s, %(churn_risk)s, %(documentation_status)s, %(points)s, %(lead_time_days)s, %(ticket_count)s, %(has_blocking_issue)s, %(last_blocker_reason)s, %(updated_at)s) RETURNING integration_metrics.id]
[parameters: {'store_id': 71, 'start_date': datetime.datetime(2025, 12, 12, 11, 24, 57, 632631), 'end_date': datetime.datetime(2026, 1, 1, 11, 24, 57, 632631), 'sla_days': 20, 'post_go_live_bugs': 1, 'churn_risk': False, 'documentation_status': 'DONE', 'points': 1.0, 'lead_time_days': 0, 'ticket_count': 0, 'has_blocking_issue': False, 'last_blocker_reason': None, 'updated_at': datetime.datetime(2026, 2, 19, 11, 24, 57, 633060)}]
(Background on this error at: https://sqlalche.me/e/20/gkpj)
Erro na loja 72 (Supermercado Favorito): (psycopg2.errors.NotNullViolation) null value in column "snapshot_date" of relation "integration_metrics" violates not-null constraint
DETAIL:  Failing row contains (253, 72, null, 0, 0, f, null, 2026-02-19 11:24:57.647278, 2026-02-06 11:24:57.646634, null, 0, 0, f, PENDING, 1).

[SQL: INSERT INTO integration_metrics (store_id, start_date, end_date, sla_days, post_go_live_bugs, churn_risk, documentation_status, points, lead_time_days, ticket_count, has_blocking_issue, last_blocker_reason, updated_at) VALUES (%(store_id)s, %(start_date)s, %(end_date)s, %(sla_days)s, %(post_go_live_bugs)s, %(churn_risk)s, %(documentation_status)s, %(points)s, %(lead_time_days)s, %(ticket_count)s, %(has_blocking_issue)s, %(last_blocker_reason)s, %(updated_at)s) RETURNING integration_metrics.id]
[parameters: {'store_id': 72, 'start_date': datetime.datetime(2026, 2, 6, 11, 24, 57, 646634), 'end_date': None, 'sla_days': 0, 'post_go_live_bugs': 0, 'churn_risk': False, 'documentation_status': 'PENDING', 'points': 1.0, 'lead_time_days': 0, 'ticket_count': 0, 'has_blocking_issue': False, 'last_blocker_reason': None, 'updated_at': datetime.datetime(2026, 2, 19, 11, 24, 57, 647278)}]
(Background on this error at: https://sqlalche.me/e/20/gkpj)
Erro na loja 32 (Supermercado Bem Vindo [MigraþÒo Mercadapp]): (psycopg2.errors.NotNullViolation) null value in column "snapshot_date" of relation "integration_metrics" violates not-null constraint
DETAIL:  Failing row contains (254, 32, null, 0, 0, f, null, 2026-02-19 11:24:57.661567, 2026-02-07 11:24:57.660948, null, 0, 0, t, PARTIAL, 1).

[SQL: INSERT INTO integration_metrics (store_id, start_date, end_date, sla_days, post_go_live_bugs, churn_risk, documentation_status, points, lead_time_days, ticket_count, has_blocking_issue, last_blocker_reason, updated_at) VALUES (%(store_id)s, %(start_date)s, %(end_date)s, %(sla_days)s, %(post_go_live_bugs)s, %(churn_risk)s, %(documentation_status)s, %(points)s, %(lead_time_days)s, %(ticket_count)s, %(has_blocking_issue)s, %(last_blocker_reason)s, %(updated_at)s) RETURNING integration_metrics.id]
[parameters: {'store_id': 32, 'start_date': datetime.datetime(2026, 2, 7, 11, 24, 57, 660948), 'end_date': None, 'sla_days': 0, 'post_go_live_bugs': 0, 'churn_risk': True, 'documentation_status': 'PARTIAL', 'points': 1.0, 'lead_time_days': 0, 'ticket_count': 0, 'has_blocking_issue': False, 'last_blocker_reason': None, 'updated_at': datetime.datetime(2026, 2, 19, 11, 24, 57, 661567)}]
(Background on this error at: https://sqlalche.me/e/20/gkpj)
Erro na loja 4 (RedeMIX - Loja 08 (MigraþÒo VTEX)): (psycopg2.errors.NotNullViolation) null value in column "snapshot_date" of relation "integration_metrics" violates not-null constraint
DETAIL:  Failing row contains (255, 4, null, 0, 0, f, null, 2026-02-19 11:24:57.680001, 2026-02-10 11:24:57.67939, null, 0, 0, f, PENDING, 0.7).

[SQL: INSERT INTO integration_metrics (store_id, start_date, end_date, sla_days, post_go_live_bugs, churn_risk, documentation_status, points, lead_time_days, ticket_count, has_blocking_issue, last_blocker_reason, updated_at) VALUES (%(store_id)s, %(start_date)s, %(end_date)s, %(sla_days)s, %(post_go_live_bugs)s, %(churn_risk)s, %(documentation_status)s, %(points)s, %(lead_time_days)s, %(ticket_count)s, %(has_blocking_issue)s, %(last_blocker_reason)s, %(updated_at)s) RETURNING integration_metrics.id]
[parameters: {'store_id': 4, 'start_date': datetime.datetime(2026, 2, 10, 11, 24, 57, 679390), 'end_date': None, 'sla_days': 0, 'post_go_live_bugs': 0, 'churn_risk': False, 'documentation_status': 'PENDING', 'points': 0.7, 'lead_time_days': 0, 'ticket_count': 0, 'has_blocking_issue': False, 'last_blocker_reason': None, 'updated_at': datetime.datetime(2026, 2, 19, 11, 24, 57, 680001)}]
(Background on this error at: https://sqlalche.me/e/20/gkpj)
Erro na loja 70 (Vilton Supermercados): (psycopg2.errors.NotNullViolation) null value in column "snapshot_date" of relation "integration_metrics" violates not-null constraint
DETAIL:  Failing row contains (256, 70, null, 0, 0, f, null, 2026-02-19 11:24:57.693263, 2025-11-27 11:24:57.692628, 2025-12-11 11:24:57.692628, 14, 1, f, DONE, 1).

[SQL: INSERT INTO integration_metrics (store_id, start_date, end_date, sla_days, post_go_live_bugs, churn_risk, documentation_status, points, lead_time_days, ticket_count, has_blocking_issue, last_blocker_reason, updated_at) VALUES (%(store_id)s, %(start_date)s, %(end_date)s, %(sla_days)s, %(post_go_live_bugs)s, %(churn_risk)s, %(documentation_status)s, %(points)s, %(lead_time_days)s, %(ticket_count)s, %(has_blocking_issue)s, %(last_blocker_reason)s, %(updated_at)s) RETURNING integration_metrics.id]
[parameters: {'store_id': 70, 'start_date': datetime.datetime(2025, 11, 27, 11, 24, 57, 692628), 'end_date': datetime.datetime(2025, 12, 11, 11, 24, 57, 692628), 'sla_days': 14, 'post_go_live_bugs': 1, 'churn_risk': False, 'documentation_status': 'DONE', 'points': 1.0, 'lead_time_days': 0, 'ticket_count': 0, 'has_blocking_issue': False, 'last_blocker_reason': None, 'updated_at': datetime.datetime(2026, 2, 19, 11, 24, 57, 693263)}]
(Background on this error at: https://sqlalche.me/e/20/gkpj)
Erro na loja 26 (Supermarket Torre Freguesia): (psycopg2.errors.NotNullViolation) null value in column "snapshot_date" of relation "integration_metrics" violates not-null constraint
DETAIL:  Failing row contains (257, 26, null, 0, 0, f, null, 2026-02-19 11:24:57.705612, 2026-02-03 11:24:57.705242, null, 0, 0, t, PENDING, 0.7).

[SQL: INSERT INTO integration_metrics (store_id, start_date, end_date, sla_days, post_go_live_bugs, churn_risk, documentation_status, points, lead_time_days, ticket_count, has_blocking_issue, last_blocker_reason, updated_at) VALUES (%(store_id)s, %(start_date)s, %(end_date)s, %(sla_days)s, %(post_go_live_bugs)s, %(churn_risk)s, %(documentation_status)s, %(points)s, %(lead_time_days)s, %(ticket_count)s, %(has_blocking_issue)s, %(last_blocker_reason)s, %(updated_at)s) RETURNING integration_metrics.id]
[parameters: {'store_id': 26, 'start_date': datetime.datetime(2026, 2, 3, 11, 24, 57, 705242), 'end_date': None, 'sla_days': 0, 'post_go_live_bugs': 0, 'churn_risk': True, 'documentation_status': 'PENDING', 'points': 0.7, 'lead_time_days': 0, 'ticket_count': 0, 'has_blocking_issue': False, 'last_blocker_reason': None, 'updated_at': datetime.datetime(2026, 2, 19, 11, 24, 57, 705612)}]
(Background on this error at: https://sqlalche.me/e/20/gkpj)
Erro na loja 31 (Emporio Pas - Loja 2  - Mirandopolis): (psycopg2.errors.NotNullViolation) null value in column "snapshot_date" of relation "integration_metrics" violates not-null constraint
DETAIL:  Failing row contains (258, 31, null, 0, 0, f, null, 2026-02-19 11:24:57.714794, 2026-02-09 11:24:57.714418, null, 0, 0, f, PARTIAL, 1).

[SQL: INSERT INTO integration_metrics (store_id, start_date, end_date, sla_days, post_go_live_bugs, churn_risk, documentation_status, points, lead_time_days, ticket_count, has_blocking_issue, last_blocker_reason, updated_at) VALUES (%(store_id)s, %(start_date)s, %(end_date)s, %(sla_days)s, %(post_go_live_bugs)s, %(churn_risk)s, %(documentation_status)s, %(points)s, %(lead_time_days)s, %(ticket_count)s, %(has_blocking_issue)s, %(last_blocker_reason)s, %(updated_at)s) RETURNING integration_metrics.id]
[parameters: {'store_id': 31, 'start_date': datetime.datetime(2026, 2, 9, 11, 24, 57, 714418), 'end_date': None, 'sla_days': 0, 'post_go_live_bugs': 0, 'churn_risk': False, 'documentation_status': 'PARTIAL', 'points': 1.0, 'lead_time_days': 0, 'ticket_count': 0, 'has_blocking_issue': False, 'last_blocker_reason': None, 'updated_at': datetime.datetime(2026, 2, 19, 11, 24, 57, 714794)}]
(Background on this error at: https://sqlalche.me/e/20/gkpj)
Erro na loja 69 (Brilhante Supermercado): (psycopg2.errors.NotNullViolation) null value in column "snapshot_date" of relation "integration_metrics" violates not-null constraint
DETAIL:  Failing row contains (259, 69, null, 0, 0, f, null, 2026-02-19 11:24:57.724264, 2025-12-24 11:24:57.723856, 2026-01-03 11:24:57.723856, 10, 1, f, DONE, 1).

[SQL: INSERT INTO integration_metrics (store_id, start_date, end_date, sla_days, post_go_live_bugs, churn_risk, documentation_status, points, lead_time_days, ticket_count, has_blocking_issue, last_blocker_reason, updated_at) VALUES (%(store_id)s, %(start_date)s, %(end_date)s, %(sla_days)s, %(post_go_live_bugs)s, %(churn_risk)s, %(documentation_status)s, %(points)s, %(lead_time_days)s, %(ticket_count)s, %(has_blocking_issue)s, %(last_blocker_reason)s, %(updated_at)s) RETURNING integration_metrics.id]
[parameters: {'store_id': 69, 'start_date': datetime.datetime(2025, 12, 24, 11, 24, 57, 723856), 'end_date': datetime.datetime(2026, 1, 3, 11, 24, 57, 723856), 'sla_days': 10, 'post_go_live_bugs': 1, 'churn_risk': False, 'documentation_status': 'DONE', 'points': 1.0, 'lead_time_days': 0, 'ticket_count': 0, 'has_blocking_issue': False, 'last_blocker_reason': None, 'updated_at': datetime.datetime(2026, 2, 19, 11, 24, 57, 724264)}]
(Background on this error at: https://sqlalche.me/e/20/gkpj)
Erro na loja 52 (╩xito Supermercados Potira (MigraþÒo Mercadapp)): (psycopg2.errors.NotNullViolation) null value in column "snapshot_date" of relation "integration_metrics" violates not-null constraint
DETAIL:  Failing row contains (260, 52, null, 0, 0, f, null, 2026-02-19 11:24:57.732973, 2026-02-08 11:24:57.732698, null, 0, 0, f, PENDING, 0.7).

[SQL: INSERT INTO integration_metrics (store_id, start_date, end_date, sla_days, post_go_live_bugs, churn_risk, documentation_status, points, lead_time_days, ticket_count, has_blocking_issue, last_blocker_reason, updated_at) VALUES (%(store_id)s, %(start_date)s, %(end_date)s, %(sla_days)s, %(post_go_live_bugs)s, %(churn_risk)s, %(documentation_status)s, %(points)s, %(lead_time_days)s, %(ticket_count)s, %(has_blocking_issue)s, %(last_blocker_reason)s, %(updated_at)s) RETURNING integration_metrics.id]
[parameters: {'store_id': 52, 'start_date': datetime.datetime(2026, 2, 8, 11, 24, 57, 732698), 'end_date': None, 'sla_days': 0, 'post_go_live_bugs': 0, 'churn_risk': False, 'documentation_status': 'PENDING', 'points': 0.7, 'lead_time_days': 0, 'ticket_count': 0, 'has_blocking_issue': False, 'last_blocker_reason': None, 'updated_at': datetime.datetime(2026, 2, 19, 11, 24, 57, 732973)}]
(Background on this error at: https://sqlalche.me/e/20/gkpj)
Erro na loja 53 (╩xito Supermercados Dom Almeida (MigraþÒo Mercadapp)): (psycopg2.errors.NotNullViolation) null value in column "snapshot_date" of relation "integration_metrics" violates not-null constraint
DETAIL:  Failing row contains (261, 53, null, 0, 0, f, null, 2026-02-19 11:24:57.742151, 2026-01-27 11:24:57.741803, null, 0, 0, f, PENDING, 0.7).

[SQL: INSERT INTO integration_metrics (store_id, start_date, end_date, sla_days, post_go_live_bugs, churn_risk, documentation_status, points, lead_time_days, ticket_count, has_blocking_issue, last_blocker_reason, updated_at) VALUES (%(store_id)s, %(start_date)s, %(end_date)s, %(sla_days)s, %(post_go_live_bugs)s, %(churn_risk)s, %(documentation_status)s, %(points)s, %(lead_time_days)s, %(ticket_count)s, %(has_blocking_issue)s, %(last_blocker_reason)s, %(updated_at)s) RETURNING integration_metrics.id]
[parameters: {'store_id': 53, 'start_date': datetime.datetime(2026, 1, 27, 11, 24, 57, 741803), 'end_date': None, 'sla_days': 0, 'post_go_live_bugs': 0, 'churn_risk': False, 'documentation_status': 'PENDING', 'points': 0.7, 'lead_time_days': 0, 'ticket_count': 0, 'has_blocking_issue': False, 'last_blocker_reason': None, 'updated_at': datetime.datetime(2026, 2, 19, 11, 24, 57, 742151)}]
(Background on this error at: https://sqlalche.me/e/20/gkpj)
Erro na loja 73 (Supermercado Perola - Compre Facil): (psycopg2.errors.NotNullViolation) null value in column "snapshot_date" of relation "integration_metrics" violates not-null constraint
DETAIL:  Failing row contains (262, 73, null, 0, 0, f, null, 2026-02-19 11:24:57.75218, 2026-01-31 11:24:57.751731, null, 0, 0, t, PENDING, 1).

[SQL: INSERT INTO integration_metrics (store_id, start_date, end_date, sla_days, post_go_live_bugs, churn_risk, documentation_status, points, lead_time_days, ticket_count, has_blocking_issue, last_blocker_reason, updated_at) VALUES (%(store_id)s, %(start_date)s, %(end_date)s, %(sla_days)s, %(post_go_live_bugs)s, %(churn_risk)s, %(documentation_status)s, %(points)s, %(lead_time_days)s, %(ticket_count)s, %(has_blocking_issue)s, %(last_blocker_reason)s, %(updated_at)s) RETURNING integration_metrics.id]
[parameters: {'store_id': 73, 'start_date': datetime.datetime(2026, 1, 31, 11, 24, 57, 751731), 'end_date': None, 'sla_days': 0, 'post_go_live_bugs': 0, 'churn_risk': True, 'documentation_status': 'PENDING', 'points': 1.0, 'lead_time_days': 0, 'ticket_count': 0, 'has_blocking_issue': False, 'last_blocker_reason': None, 'updated_at': datetime.datetime(2026, 2, 19, 11, 24, 57, 752180)}]
(Background on this error at: https://sqlalche.me/e/20/gkpj)
Erro na loja 2 (RedeMIX - Loja 10 (MigraþÒo VTEX)): (psycopg2.errors.NotNullViolation) null value in column "snapshot_date" of relation "integration_metrics" violates not-null constraint
DETAIL:  Failing row contains (263, 2, null, 0, 0, f, null, 2026-02-19 11:24:57.76399, 2026-01-31 11:24:57.763382, null, 0, 0, f, PENDING, 0.7).

[SQL: INSERT INTO integration_metrics (store_id, start_date, end_date, sla_days, post_go_live_bugs, churn_risk, documentation_status, points, lead_time_days, ticket_count, has_blocking_issue, last_blocker_reason, updated_at) VALUES (%(store_id)s, %(start_date)s, %(end_date)s, %(sla_days)s, %(post_go_live_bugs)s, %(churn_risk)s, %(documentation_status)s, %(points)s, %(lead_time_days)s, %(ticket_count)s, %(has_blocking_issue)s, %(last_blocker_reason)s, %(updated_at)s) RETURNING integration_metrics.id]
[parameters: {'store_id': 2, 'start_date': datetime.datetime(2026, 1, 31, 11, 24, 57, 763382), 'end_date': None, 'sla_days': 0, 'post_go_live_bugs': 0, 'churn_risk': False, 'documentation_status': 'PENDING', 'points': 0.7, 'lead_time_days': 0, 'ticket_count': 0, 'has_blocking_issue': False, 'last_blocker_reason': None, 'updated_at': datetime.datetime(2026, 2, 19, 11, 24, 57, 763990)}]
(Background on this error at: https://sqlalche.me/e/20/gkpj)
Erro na loja 40 (Supermercado Lagoa - Parangaba [MigraþÒo Mercadapp]): (psycopg2.errors.NotNullViolation) null value in column "snapshot_date" of relation "integration_metrics" violates not-null constraint
DETAIL:  Failing row contains (264, 40, null, 0, 0, f, null, 2026-02-19 11:24:57.776601, 2026-01-04 11:24:57.776042, 2026-01-28 11:24:57.776042, 24, 1, f, DONE, 1).

[SQL: INSERT INTO integration_metrics (store_id, start_date, end_date, sla_days, post_go_live_bugs, churn_risk, documentation_status, points, lead_time_days, ticket_count, has_blocking_issue, last_blocker_reason, updated_at) VALUES (%(store_id)s, %(start_date)s, %(end_date)s, %(sla_days)s, %(post_go_live_bugs)s, %(churn_risk)s, %(documentation_status)s, %(points)s, %(lead_time_days)s, %(ticket_count)s, %(has_blocking_issue)s, %(last_blocker_reason)s, %(updated_at)s) RETURNING integration_metrics.id]
[parameters: {'store_id': 40, 'start_date': datetime.datetime(2026, 1, 4, 11, 24, 57, 776042), 'end_date': datetime.datetime(2026, 1, 28, 11, 24, 57, 776042), 'sla_days': 24, 'post_go_live_bugs': 1, 'churn_risk': False, 'documentation_status': 'DONE', 'points': 1.0, 'lead_time_days': 0, 'ticket_count': 0, 'has_blocking_issue': False, 'last_blocker_reason': None, 'updated_at': datetime.datetime(2026, 2, 19, 11, 24, 57, 776601)}]
(Background on this error at: https://sqlalche.me/e/20/gkpj)
Erro na loja 51 (╩xito Supermercados Monte Castelo (MigraþÒo Mercadapp)): (psycopg2.errors.NotNullViolation) null value in column "snapshot_date" of relation "integration_metrics" violates not-null constraint
DETAIL:  Failing row contains (265, 51, null, 0, 0, f, null, 2026-02-19 11:24:57.788186, 2026-01-28 11:24:57.787809, null, 0, 0, f, PENDING, 0.7).

[SQL: INSERT INTO integration_metrics (store_id, start_date, end_date, sla_days, post_go_live_bugs, churn_risk, documentation_status, points, lead_time_days, ticket_count, has_blocking_issue, last_blocker_reason, updated_at) VALUES (%(store_id)s, %(start_date)s, %(end_date)s, %(sla_days)s, %(post_go_live_bugs)s, %(churn_risk)s, %(documentation_status)s, %(points)s, %(lead_time_days)s, %(ticket_count)s, %(has_blocking_issue)s, %(last_blocker_reason)s, %(updated_at)s) RETURNING integration_metrics.id]
[parameters: {'store_id': 51, 'start_date': datetime.datetime(2026, 1, 28, 11, 24, 57, 787809), 'end_date': None, 'sla_days': 0, 'post_go_live_bugs': 0, 'churn_risk': False, 'documentation_status': 'PENDING', 'points': 0.7, 'lead_time_days': 0, 'ticket_count': 0, 'has_blocking_issue': False, 'last_blocker_reason': None, 'updated_at': datetime.datetime(2026, 2, 19, 11, 24, 57, 788186)}]
(Background on this error at: https://sqlalche.me/e/20/gkpj)
Erro na loja 100 (R Center - Messejana [MIGRAÃ├O MERCADAPP]): (psycopg2.errors.NotNullViolation) null value in column "snapshot_date" of relation "integration_metrics" violates not-null constraint
DETAIL:  Failing row contains (266, 100, null, 0, 0, f, null, 2026-02-19 11:24:57.798504, 2026-02-01 11:24:57.798263, null, 0, 0, t, PENDING, 0.7).

[SQL: INSERT INTO integration_metrics (store_id, start_date, end_date, sla_days, post_go_live_bugs, churn_risk, documentation_status, points, lead_time_days, ticket_count, has_blocking_issue, last_blocker_reason, updated_at) VALUES (%(store_id)s, %(start_date)s, %(end_date)s, %(sla_days)s, %(post_go_live_bugs)s, %(churn_risk)s, %(documentation_status)s, %(points)s, %(lead_time_days)s, %(ticket_count)s, %(has_blocking_issue)s, %(last_blocker_reason)s, %(updated_at)s) RETURNING integration_metrics.id]
[parameters: {'store_id': 100, 'start_date': datetime.datetime(2026, 2, 1, 11, 24, 57, 798263), 'end_date': None, 'sla_days': 0, 'post_go_live_bugs': 0, 'churn_risk': True, 'documentation_status': 'PENDING', 'points': 0.7, 'lead_time_days': 0, 'ticket_count': 0, 'has_blocking_issue': False, 'last_blocker_reason': None, 'updated_at': datetime.datetime(2026, 2, 19, 11, 24, 57, 798504)}]
(Background on this error at: https://sqlalche.me/e/20/gkpj)
Erro na loja 97 (Supermercado Aconchemax (MigraþÒo MERCADAPP)): (psycopg2.errors.NotNullViolation) null value in column "snapshot_date" of relation "integration_metrics" violates not-null constraint
DETAIL:  Failing row contains (267, 97, null, 0, 0, f, null, 2026-02-19 11:24:57.815674, 2026-02-14 11:24:57.815214, null, 0, 0, f, PARTIAL, 1).

[SQL: INSERT INTO integration_metrics (store_id, start_date, end_date, sla_days, post_go_live_bugs, churn_risk, documentation_status, points, lead_time_days, ticket_count, has_blocking_issue, last_blocker_reason, updated_at) VALUES (%(store_id)s, %(start_date)s, %(end_date)s, %(sla_days)s, %(post_go_live_bugs)s, %(churn_risk)s, %(documentation_status)s, %(points)s, %(lead_time_days)s, %(ticket_count)s, %(has_blocking_issue)s, %(last_blocker_reason)s, %(updated_at)s) RETURNING integration_metrics.id]
[parameters: {'store_id': 97, 'start_date': datetime.datetime(2026, 2, 14, 11, 24, 57, 815214), 'end_date': None, 'sla_days': 0, 'post_go_live_bugs': 0, 'churn_risk': False, 'documentation_status': 'PARTIAL', 'points': 1.0, 'lead_time_days': 0, 'ticket_count': 0, 'has_blocking_issue': False, 'last_blocker_reason': None, 'updated_at': datetime.datetime(2026, 2, 19, 11, 24, 57, 815674)}]
(Background on this error at: https://sqlalche.me/e/20/gkpj)
Erro na loja 94 (Compre Certo - BaturitÚ [MIGRAÃ├O MERCADAPP]): (psycopg2.errors.NotNullViolation) null value in column "snapshot_date" of relation "integration_metrics" violates not-null constraint
DETAIL:  Failing row contains (268, 94, null, 0, 0, f, null, 2026-02-19 11:24:57.834964, 2026-01-28 11:24:57.834237, null, 0, 0, f, PARTIAL, 0.7).

[SQL: INSERT INTO integration_metrics (store_id, start_date, end_date, sla_days, post_go_live_bugs, churn_risk, documentation_status, points, lead_time_days, ticket_count, has_blocking_issue, last_blocker_reason, updated_at) VALUES (%(store_id)s, %(start_date)s, %(end_date)s, %(sla_days)s, %(post_go_live_bugs)s, %(churn_risk)s, %(documentation_status)s, %(points)s, %(lead_time_days)s, %(ticket_count)s, %(has_blocking_issue)s, %(last_blocker_reason)s, %(updated_at)s) RETURNING integration_metrics.id]
[parameters: {'store_id': 94, 'start_date': datetime.datetime(2026, 1, 28, 11, 24, 57, 834237), 'end_date': None, 'sla_days': 0, 'post_go_live_bugs': 0, 'churn_risk': False, 'documentation_status': 'PARTIAL', 'points': 0.7, 'lead_time_days': 0, 'ticket_count': 0, 'has_blocking_issue': False, 'last_blocker_reason': None, 'updated_at': datetime.datetime(2026, 2, 19, 11, 24, 57, 834964)}]
(Background on this error at: https://sqlalche.me/e/20/gkpj)
Erro na loja 49 (Ana Risorlange Bom Jardim (MigraþÒo Mercadapp)): (psycopg2.errors.NotNullViolation) null value in column "snapshot_date" of relation "integration_metrics" violates not-null constraint
DETAIL:  Failing row contains (269, 49, null, 0, 0, f, null, 2026-02-19 11:24:57.846649, 2026-01-21 11:24:57.84556, null, 0, 0, f, PARTIAL, 0.7).

[SQL: INSERT INTO integration_metrics (store_id, start_date, end_date, sla_days, post_go_live_bugs, churn_risk, documentation_status, points, lead_time_days, ticket_count, has_blocking_issue, last_blocker_reason, updated_at) VALUES (%(store_id)s, %(start_date)s, %(end_date)s, %(sla_days)s, %(post_go_live_bugs)s, %(churn_risk)s, %(documentation_status)s, %(points)s, %(lead_time_days)s, %(ticket_count)s, %(has_blocking_issue)s, %(last_blocker_reason)s, %(updated_at)s) RETURNING integration_metrics.id]
[parameters: {'store_id': 49, 'start_date': datetime.datetime(2026, 1, 21, 11, 24, 57, 845560), 'end_date': None, 'sla_days': 0, 'post_go_live_bugs': 0, 'churn_risk': False, 'documentation_status': 'PARTIAL', 'points': 0.7, 'lead_time_days': 0, 'ticket_count': 0, 'has_blocking_issue': False, 'last_blocker_reason': None, 'updated_at': datetime.datetime(2026, 2, 19, 11, 24, 57, 846649)}]
(Background on this error at: https://sqlalche.me/e/20/gkpj)
Erro na loja 11 (RedeMIX - Loja 1 (MigraþÒo VTEX)): (psycopg2.errors.NotNullViolation) null value in column "snapshot_date" of relation "integration_metrics" violates not-null constraint
DETAIL:  Failing row contains (270, 11, null, 0, 0, f, null, 2026-02-19 11:24:57.87818, 2026-01-23 11:24:57.876978, null, 0, 0, f, PENDING, 1).

[SQL: INSERT INTO integration_metrics (store_id, start_date, end_date, sla_days, post_go_live_bugs, churn_risk, documentation_status, points, lead_time_days, ticket_count, has_blocking_issue, last_blocker_reason, updated_at) VALUES (%(store_id)s, %(start_date)s, %(end_date)s, %(sla_days)s, %(post_go_live_bugs)s, %(churn_risk)s, %(documentation_status)s, %(points)s, %(lead_time_days)s, %(ticket_count)s, %(has_blocking_issue)s, %(last_blocker_reason)s, %(updated_at)s) RETURNING integration_metrics.id]
[parameters: {'store_id': 11, 'start_date': datetime.datetime(2026, 1, 23, 11, 24, 57, 876978), 'end_date': None, 'sla_days': 0, 'post_go_live_bugs': 0, 'churn_risk': False, 'documentation_status': 'PENDING', 'points': 1.0, 'lead_time_days': 0, 'ticket_count': 0, 'has_blocking_issue': False, 'last_blocker_reason': None, 'updated_at': datetime.datetime(2026, 2, 19, 11, 24, 57, 878180)}]
(Background on this error at: https://sqlalche.me/e/20/gkpj)
Erro na loja 41 (Supermercado Lagoa - Sobral Parque da Cidade [MIGRAÃ├O MERCADAPP]): (psycopg2.errors.NotNullViolation) null value in column "snapshot_date" of relation "integration_metrics" violates not-null constraint
DETAIL:  Failing row contains (271, 41, null, 0, 0, f, null, 2026-02-19 11:24:57.910525, 2026-01-06 11:24:57.909182, 2026-01-24 11:24:57.909182, 18, 3, f, DONE, 0.7).

[SQL: INSERT INTO integration_metrics (store_id, start_date, end_date, sla_days, post_go_live_bugs, churn_risk, documentation_status, points, lead_time_days, ticket_count, has_blocking_issue, last_blocker_reason, updated_at) VALUES (%(store_id)s, %(start_date)s, %(end_date)s, %(sla_days)s, %(post_go_live_bugs)s, %(churn_risk)s, %(documentation_status)s, %(points)s, %(lead_time_days)s, %(ticket_count)s, %(has_blocking_issue)s, %(last_blocker_reason)s, %(updated_at)s) RETURNING integration_metrics.id]
[parameters: {'store_id': 41, 'start_date': datetime.datetime(2026, 1, 6, 11, 24, 57, 909182), 'end_date': datetime.datetime(2026, 1, 24, 11, 24, 57, 909182), 'sla_days': 18, 'post_go_live_bugs': 3, 'churn_risk': False, 'documentation_status': 'DONE', 'points': 0.7, 'lead_time_days': 0, 'ticket_count': 0, 'has_blocking_issue': False, 'last_blocker_reason': None, 'updated_at': datetime.datetime(2026, 2, 19, 11, 24, 57, 910525)}]
(Background on this error at: https://sqlalche.me/e/20/gkpj)
Erro na loja 101 (Freitas Supermercado [MIGRAÃ├O MERCADAPP]): (psycopg2.errors.NotNullViolation) null value in column "snapshot_date" of relation "integration_metrics" violates not-null constraint
DETAIL:  Failing row contains (272, 101, null, 0, 0, f, null, 2026-02-19 11:24:57.945068, 2026-02-03 11:24:57.943657, null, 0, 0, f, PARTIAL, 0.7).

[SQL: INSERT INTO integration_metrics (store_id, start_date, end_date, sla_days, post_go_live_bugs, churn_risk, documentation_status, points, lead_time_days, ticket_count, has_blocking_issue, last_blocker_reason, updated_at) VALUES (%(store_id)s, %(start_date)s, %(end_date)s, %(sla_days)s, %(post_go_live_bugs)s, %(churn_risk)s, %(documentation_status)s, %(points)s, %(lead_time_days)s, %(ticket_count)s, %(has_blocking_issue)s, %(last_blocker_reason)s, %(updated_at)s) RETURNING integration_metrics.id]
[parameters: {'store_id': 101, 'start_date': datetime.datetime(2026, 2, 3, 11, 24, 57, 943657), 'end_date': None, 'sla_days': 0, 'post_go_live_bugs': 0, 'churn_risk': False, 'documentation_status': 'PARTIAL', 'points': 0.7, 'lead_time_days': 0, 'ticket_count': 0, 'has_blocking_issue': False, 'last_blocker_reason': None, 'updated_at': datetime.datetime(2026, 2, 19, 11, 24, 57, 945068)}]
(Background on this error at: https://sqlalche.me/e/20/gkpj)
Erro na loja 87 (Super Portugal Cidade dos Funcionßrios [MIGRAÃ├O MERCADAPP]): (psycopg2.errors.NotNullViolation) null value in column "snapshot_date" of relation "integration_metrics" violates not-null constraint
DETAIL:  Failing row contains (273, 87, null, 0, 0, f, null, 2026-02-19 11:24:57.976294, 2026-02-02 11:24:57.974686, null, 0, 0, f, PENDING, 0.7).

[SQL: INSERT INTO integration_metrics (store_id, start_date, end_date, sla_days, post_go_live_bugs, churn_risk, documentation_status, points, lead_time_days, ticket_count, has_blocking_issue, last_blocker_reason, updated_at) VALUES (%(store_id)s, %(start_date)s, %(end_date)s, %(sla_days)s, %(post_go_live_bugs)s, %(churn_risk)s, %(documentation_status)s, %(points)s, %(lead_time_days)s, %(ticket_count)s, %(has_blocking_issue)s, %(last_blocker_reason)s, %(updated_at)s) RETURNING integration_metrics.id]
[parameters: {'store_id': 87, 'start_date': datetime.datetime(2026, 2, 2, 11, 24, 57, 974686), 'end_date': None, 'sla_days': 0, 'post_go_live_bugs': 0, 'churn_risk': False, 'documentation_status': 'PENDING', 'points': 0.7, 'lead_time_days': 0, 'ticket_count': 0, 'has_blocking_issue': False, 'last_blocker_reason': None, 'updated_at': datetime.datetime(2026, 2, 19, 11, 24, 57, 976294)}]
(Background on this error at: https://sqlalche.me/e/20/gkpj)
Erro na loja 99 (R Center - Parque Santa Rosa [MIGRAÃ├O MERCADAPP]): (psycopg2.errors.NotNullViolation) null value in column "snapshot_date" of relation "integration_metrics" violates not-null constraint
DETAIL:  Failing row contains (274, 99, null, 0, 0, f, null, 2026-02-19 11:24:58.009961, 2026-01-29 11:24:58.008643, null, 0, 0, f, PARTIAL, 0.7).

[SQL: INSERT INTO integration_metrics (store_id, start_date, end_date, sla_days, post_go_live_bugs, churn_risk, documentation_status, points, lead_time_days, ticket_count, has_blocking_issue, last_blocker_reason, updated_at) VALUES (%(store_id)s, %(start_date)s, %(end_date)s, %(sla_days)s, %(post_go_live_bugs)s, %(churn_risk)s, %(documentation_status)s, %(points)s, %(lead_time_days)s, %(ticket_count)s, %(has_blocking_issue)s, %(last_blocker_reason)s, %(updated_at)s) RETURNING integration_metrics.id]
[parameters: {'store_id': 99, 'start_date': datetime.datetime(2026, 1, 29, 11, 24, 58, 8643), 'end_date': None, 'sla_days': 0, 'post_go_live_bugs': 0, 'churn_risk': False, 'documentation_status': 'PARTIAL', 'points': 0.7, 'lead_time_days': 0, 'ticket_count': 0, 'has_blocking_issue': False, 'last_blocker_reason': None, 'updated_at': datetime.datetime(2026, 2, 19, 11, 24, 58, 9961)}]
(Background on this error at: https://sqlalche.me/e/20/gkpj)
Erro na loja 95 (Compre Certo - Pacatuba [MIGRAÃ├O MERCADAPP]): (psycopg2.errors.NotNullViolation) null value in column "snapshot_date" of relation "integration_metrics" violates not-null constraint
DETAIL:  Failing row contains (275, 95, null, 0, 0, f, null, 2026-02-19 11:24:58.044264, 2026-02-05 11:24:58.042833, null, 0, 0, f, PARTIAL, 0.7).

[SQL: INSERT INTO integration_metrics (store_id, start_date, end_date, sla_days, post_go_live_bugs, churn_risk, documentation_status, points, lead_time_days, ticket_count, has_blocking_issue, last_blocker_reason, updated_at) VALUES (%(store_id)s, %(start_date)s, %(end_date)s, %(sla_days)s, %(post_go_live_bugs)s, %(churn_risk)s, %(documentation_status)s, %(points)s, %(lead_time_days)s, %(ticket_count)s, %(has_blocking_issue)s, %(last_blocker_reason)s, %(updated_at)s) RETURNING integration_metrics.id]
[parameters: {'store_id': 95, 'start_date': datetime.datetime(2026, 2, 5, 11, 24, 58, 42833), 'end_date': None, 'sla_days': 0, 'post_go_live_bugs': 0, 'churn_risk': False, 'documentation_status': 'PARTIAL', 'points': 0.7, 'lead_time_days': 0, 'ticket_count': 0, 'has_blocking_issue': False, 'last_blocker_reason': None, 'updated_at': datetime.datetime(2026, 2, 19, 11, 24, 58, 44264)}]
(Background on this error at: https://sqlalche.me/e/20/gkpj)
Erro na loja 86 (Super Portugal Sobral [MIGRAÃ├O MERCADAPP]): (psycopg2.errors.NotNullViolation) null value in column "snapshot_date" of relation "integration_metrics" violates not-null constraint
DETAIL:  Failing row contains (276, 86, null, 0, 0, f, null, 2026-02-19 11:24:58.075164, 2026-02-12 11:24:58.073551, null, 0, 0, t, PARTIAL, 0.7).

[SQL: INSERT INTO integration_metrics (store_id, start_date, end_date, sla_days, post_go_live_bugs, churn_risk, documentation_status, points, lead_time_days, ticket_count, has_blocking_issue, last_blocker_reason, updated_at) VALUES (%(store_id)s, %(start_date)s, %(end_date)s, %(sla_days)s, %(post_go_live_bugs)s, %(churn_risk)s, %(documentation_status)s, %(points)s, %(lead_time_days)s, %(ticket_count)s, %(has_blocking_issue)s, %(last_blocker_reason)s, %(updated_at)s) RETURNING integration_metrics.id]
[parameters: {'store_id': 86, 'start_date': datetime.datetime(2026, 2, 12, 11, 24, 58, 73551), 'end_date': None, 'sla_days': 0, 'post_go_live_bugs': 0, 'churn_risk': True, 'documentation_status': 'PARTIAL', 'points': 0.7, 'lead_time_days': 0, 'ticket_count': 0, 'has_blocking_issue': False, 'last_blocker_reason': None, 'updated_at': datetime.datetime(2026, 2, 19, 11, 24, 58, 75164)}]
(Background on this error at: https://sqlalche.me/e/20/gkpj)
Erro na loja 88 (Super Portugal Granja Portugal [MIGRAÃ├O MERCADAPP]): (psycopg2.errors.NotNullViolation) null value in column "snapshot_date" of relation "integration_metrics" violates not-null constraint
DETAIL:  Failing row contains (277, 88, null, 0, 0, f, null, 2026-02-19 11:24:58.105241, 2026-02-07 11:24:58.103766, null, 0, 0, f, PARTIAL, 1).

[SQL: INSERT INTO integration_metrics (store_id, start_date, end_date, sla_days, post_go_live_bugs, churn_risk, documentation_status, points, lead_time_days, ticket_count, has_blocking_issue, last_blocker_reason, updated_at) VALUES (%(store_id)s, %(start_date)s, %(end_date)s, %(sla_days)s, %(post_go_live_bugs)s, %(churn_risk)s, %(documentation_status)s, %(points)s, %(lead_time_days)s, %(ticket_count)s, %(has_blocking_issue)s, %(last_blocker_reason)s, %(updated_at)s) RETURNING integration_metrics.id]
[parameters: {'store_id': 88, 'start_date': datetime.datetime(2026, 2, 7, 11, 24, 58, 103766), 'end_date': None, 'sla_days': 0, 'post_go_live_bugs': 0, 'churn_risk': False, 'documentation_status': 'PARTIAL', 'points': 1.0, 'lead_time_days': 0, 'ticket_count': 0, 'has_blocking_issue': False, 'last_blocker_reason': None, 'updated_at': datetime.datetime(2026, 2, 19, 11, 24, 58, 105241)}]
(Background on this error at: https://sqlalche.me/e/20/gkpj)
Erro na loja 81 (Supermercado Rodrigues): (psycopg2.errors.NotNullViolation) null value in column "snapshot_date" of relation "integration_metrics" violates not-null constraint
DETAIL:  Failing row contains (278, 81, null, 0, 0, f, null, 2026-02-19 11:24:58.130407, 2026-01-27 11:24:58.129169, null, 0, 0, f, PARTIAL, 1).

[SQL: INSERT INTO integration_metrics (store_id, start_date, end_date, sla_days, post_go_live_bugs, churn_risk, documentation_status, points, lead_time_days, ticket_count, has_blocking_issue, last_blocker_reason, updated_at) VALUES (%(store_id)s, %(start_date)s, %(end_date)s, %(sla_days)s, %(post_go_live_bugs)s, %(churn_risk)s, %(documentation_status)s, %(points)s, %(lead_time_days)s, %(ticket_count)s, %(has_blocking_issue)s, %(last_blocker_reason)s, %(updated_at)s) RETURNING integration_metrics.id]
[parameters: {'store_id': 81, 'start_date': datetime.datetime(2026, 1, 27, 11, 24, 58, 129169), 'end_date': None, 'sla_days': 0, 'post_go_live_bugs': 0, 'churn_risk': False, 'documentation_status': 'PARTIAL', 'points': 1.0, 'lead_time_days': 0, 'ticket_count': 0, 'has_blocking_issue': False, 'last_blocker_reason': None, 'updated_at': datetime.datetime(2026, 2, 19, 11, 24, 58, 130407)}]
(Background on this error at: https://sqlalche.me/e/20/gkpj)
Erro na loja 1 (RedeMIX - Loja 11 (MigraþÒo VTEX)): (psycopg2.errors.NotNullViolation) null value in column "snapshot_date" of relation "integration_metrics" violates not-null constraint
DETAIL:  Failing row contains (279, 1, null, 0, 0, f, null, 2026-02-19 11:24:58.162037, 2026-02-10 11:24:58.160509, null, 0, 0, f, PENDING, 0.7).

[SQL: INSERT INTO integration_metrics (store_id, start_date, end_date, sla_days, post_go_live_bugs, churn_risk, documentation_status, points, lead_time_days, ticket_count, has_blocking_issue, last_blocker_reason, updated_at) VALUES (%(store_id)s, %(start_date)s, %(end_date)s, %(sla_days)s, %(post_go_live_bugs)s, %(churn_risk)s, %(documentation_status)s, %(points)s, %(lead_time_days)s, %(ticket_count)s, %(has_blocking_issue)s, %(last_blocker_reason)s, %(updated_at)s) RETURNING integration_metrics.id]
[parameters: {'store_id': 1, 'start_date': datetime.datetime(2026, 2, 10, 11, 24, 58, 160509), 'end_date': None, 'sla_days': 0, 'post_go_live_bugs': 0, 'churn_risk': False, 'documentation_status': 'PENDING', 'points': 0.7, 'lead_time_days': 0, 'ticket_count': 0, 'has_blocking_issue': False, 'last_blocker_reason': None, 'updated_at': datetime.datetime(2026, 2, 19, 11, 24, 58, 162037)}]
(Background on this error at: https://sqlalche.me/e/20/gkpj)
Erro na loja 90 (Telefrango Supermercados JoÒo XXIII [MIGRAÃ├O MERCADAPP]): (psycopg2.errors.NotNullViolation) null value in column "snapshot_date" of relation "integration_metrics" violates not-null constraint
DETAIL:  Failing row contains (280, 90, null, 0, 0, f, null, 2026-02-19 11:24:58.195625, 2026-02-10 11:24:58.194348, null, 0, 0, f, PENDING, 0.7).

[SQL: INSERT INTO integration_metrics (store_id, start_date, end_date, sla_days, post_go_live_bugs, churn_risk, documentation_status, points, lead_time_days, ticket_count, has_blocking_issue, last_blocker_reason, updated_at) VALUES (%(store_id)s, %(start_date)s, %(end_date)s, %(sla_days)s, %(post_go_live_bugs)s, %(churn_risk)s, %(documentation_status)s, %(points)s, %(lead_time_days)s, %(ticket_count)s, %(has_blocking_issue)s, %(last_blocker_reason)s, %(updated_at)s) RETURNING integration_metrics.id]
[parameters: {'store_id': 90, 'start_date': datetime.datetime(2026, 2, 10, 11, 24, 58, 194348), 'end_date': None, 'sla_days': 0, 'post_go_live_bugs': 0, 'churn_risk': False, 'documentation_status': 'PENDING', 'points': 0.7, 'lead_time_days': 0, 'ticket_count': 0, 'has_blocking_issue': False, 'last_blocker_reason': None, 'updated_at': datetime.datetime(2026, 2, 19, 11, 24, 58, 195625)}]
(Background on this error at: https://sqlalche.me/e/20/gkpj)
Erro na loja 89 (Telefrango Supermercados RedenþÒo [MIGRAÃ├O MERCADAPP]): (psycopg2.errors.NotNullViolation) null value in column "snapshot_date" of relation "integration_metrics" violates not-null constraint
DETAIL:  Failing row contains (281, 89, null, 0, 0, f, null, 2026-02-19 11:24:58.229703, 2026-01-21 11:24:58.228025, null, 0, 0, t, PARTIAL, 0.7).

[SQL: INSERT INTO integration_metrics (store_id, start_date, end_date, sla_days, post_go_live_bugs, churn_risk, documentation_status, points, lead_time_days, ticket_count, has_blocking_issue, last_blocker_reason, updated_at) VALUES (%(store_id)s, %(start_date)s, %(end_date)s, %(sla_days)s, %(post_go_live_bugs)s, %(churn_risk)s, %(documentation_status)s, %(points)s, %(lead_time_days)s, %(ticket_count)s, %(has_blocking_issue)s, %(last_blocker_reason)s, %(updated_at)s) RETURNING integration_metrics.id]
[parameters: {'store_id': 89, 'start_date': datetime.datetime(2026, 1, 21, 11, 24, 58, 228025), 'end_date': None, 'sla_days': 0, 'post_go_live_bugs': 0, 'churn_risk': True, 'documentation_status': 'PARTIAL', 'points': 0.7, 'lead_time_days': 0, 'ticket_count': 0, 'has_blocking_issue': False, 'last_blocker_reason': None, 'updated_at': datetime.datetime(2026, 2, 19, 11, 24, 58, 229703)}]
(Background on this error at: https://sqlalche.me/e/20/gkpj)
Erro na loja 82 (Supermercado Real - Carmo do Rio Verde): (psycopg2.errors.NotNullViolation) null value in column "snapshot_date" of relation "integration_metrics" violates not-null constraint
DETAIL:  Failing row contains (282, 82, null, 0, 0, f, null, 2026-02-19 11:24:58.264629, 2026-01-31 11:24:58.262861, null, 0, 0, f, PARTIAL, 0.7).

[SQL: INSERT INTO integration_metrics (store_id, start_date, end_date, sla_days, post_go_live_bugs, churn_risk, documentation_status, points, lead_time_days, ticket_count, has_blocking_issue, last_blocker_reason, updated_at) VALUES (%(store_id)s, %(start_date)s, %(end_date)s, %(sla_days)s, %(post_go_live_bugs)s, %(churn_risk)s, %(documentation_status)s, %(points)s, %(lead_time_days)s, %(ticket_count)s, %(has_blocking_issue)s, %(last_blocker_reason)s, %(updated_at)s) RETURNING integration_metrics.id]
[parameters: {'store_id': 82, 'start_date': datetime.datetime(2026, 1, 31, 11, 24, 58, 262861), 'end_date': None, 'sla_days': 0, 'post_go_live_bugs': 0, 'churn_risk': False, 'documentation_status': 'PARTIAL', 'points': 0.7, 'lead_time_days': 0, 'ticket_count': 0, 'has_blocking_issue': False, 'last_blocker_reason': None, 'updated_at': datetime.datetime(2026, 2, 19, 11, 24, 58, 264629)}]
(Background on this error at: https://sqlalche.me/e/20/gkpj)
Erro na loja 83 (Supermercado Real - Ceres): (psycopg2.errors.NotNullViolation) null value in column "snapshot_date" of relation "integration_metrics" violates not-null constraint
DETAIL:  Failing row contains (283, 83, null, 0, 0, f, null, 2026-02-19 11:24:58.300438, 2026-01-26 11:24:58.298625, null, 0, 0, f, PARTIAL, 1).

[SQL: INSERT INTO integration_metrics (store_id, start_date, end_date, sla_days, post_go_live_bugs, churn_risk, documentation_status, points, lead_time_days, ticket_count, has_blocking_issue, last_blocker_reason, updated_at) VALUES (%(store_id)s, %(start_date)s, %(end_date)s, %(sla_days)s, %(post_go_live_bugs)s, %(churn_risk)s, %(documentation_status)s, %(points)s, %(lead_time_days)s, %(ticket_count)s, %(has_blocking_issue)s, %(last_blocker_reason)s, %(updated_at)s) RETURNING integration_metrics.id]
[parameters: {'store_id': 83, 'start_date': datetime.datetime(2026, 1, 26, 11, 24, 58, 298625), 'end_date': None, 'sla_days': 0, 'post_go_live_bugs': 0, 'churn_risk': False, 'documentation_status': 'PARTIAL', 'points': 1.0, 'lead_time_days': 0, 'ticket_count': 0, 'has_blocking_issue': False, 'last_blocker_reason': None, 'updated_at': datetime.datetime(2026, 2, 19, 11, 24, 58, 300438)}]
(Background on this error at: https://sqlalche.me/e/20/gkpj)
Erro na loja 91 (Telefrango Supermercados PassarÚ [MIGRAÃ├O MERCADAPP]): (psycopg2.errors.NotNullViolation) null value in column "snapshot_date" of relation "integration_metrics" violates not-null constraint
DETAIL:  Failing row contains (284, 91, null, 0, 0, f, null, 2026-02-19 11:24:58.338773, 2026-02-13 11:24:58.337298, null, 0, 0, f, PENDING, 1).

[SQL: INSERT INTO integration_metrics (store_id, start_date, end_date, sla_days, post_go_live_bugs, churn_risk, documentation_status, points, lead_time_days, ticket_count, has_blocking_issue, last_blocker_reason, updated_at) VALUES (%(store_id)s, %(start_date)s, %(end_date)s, %(sla_days)s, %(post_go_live_bugs)s, %(churn_risk)s, %(documentation_status)s, %(points)s, %(lead_time_days)s, %(ticket_count)s, %(has_blocking_issue)s, %(last_blocker_reason)s, %(updated_at)s) RETURNING integration_metrics.id]
[parameters: {'store_id': 91, 'start_date': datetime.datetime(2026, 2, 13, 11, 24, 58, 337298), 'end_date': None, 'sla_days': 0, 'post_go_live_bugs': 0, 'churn_risk': False, 'documentation_status': 'PENDING', 'points': 1.0, 'lead_time_days': 0, 'ticket_count': 0, 'has_blocking_issue': False, 'last_blocker_reason': None, 'updated_at': datetime.datetime(2026, 2, 19, 11, 24, 58, 338773)}]
(Background on this error at: https://sqlalche.me/e/20/gkpj)
Erro na loja 85 (Brisa Mini Mercado): (psycopg2.errors.NotNullViolation) null value in column "snapshot_date" of relation "integration_metrics" violates not-null constraint
DETAIL:  Failing row contains (285, 85, null, 0, 0, f, null, 2026-02-19 11:24:58.376461, 2026-02-01 11:24:58.375007, null, 0, 0, f, PARTIAL, 1).

[SQL: INSERT INTO integration_metrics (store_id, start_date, end_date, sla_days, post_go_live_bugs, churn_risk, documentation_status, points, lead_time_days, ticket_count, has_blocking_issue, last_blocker_reason, updated_at) VALUES (%(store_id)s, %(start_date)s, %(end_date)s, %(sla_days)s, %(post_go_live_bugs)s, %(churn_risk)s, %(documentation_status)s, %(points)s, %(lead_time_days)s, %(ticket_count)s, %(has_blocking_issue)s, %(last_blocker_reason)s, %(updated_at)s) RETURNING integration_metrics.id]
[parameters: {'store_id': 85, 'start_date': datetime.datetime(2026, 2, 1, 11, 24, 58, 375007), 'end_date': None, 'sla_days': 0, 'post_go_live_bugs': 0, 'churn_risk': False, 'documentation_status': 'PARTIAL', 'points': 1.0, 'lead_time_days': 0, 'ticket_count': 0, 'has_blocking_issue': False, 'last_blocker_reason': None, 'updated_at': datetime.datetime(2026, 2, 19, 11, 24, 58, 376461)}]
(Background on this error at: https://sqlalche.me/e/20/gkpj)
Erro na loja 84 (VARIEDADES SUPERMERCADOS [MIGRAÃ├O MERCADAPP]): (psycopg2.errors.NotNullViolation) null value in column "snapshot_date" of relation "integration_metrics" violates not-null constraint
DETAIL:  Failing row contains (286, 84, null, 0, 0, f, null, 2026-02-19 11:24:58.415817, 2026-02-04 11:24:58.414367, null, 0, 0, t, PENDING, 1).

[SQL: INSERT INTO integration_metrics (store_id, start_date, end_date, sla_days, post_go_live_bugs, churn_risk, documentation_status, points, lead_time_days, ticket_count, has_blocking_issue, last_blocker_reason, updated_at) VALUES (%(store_id)s, %(start_date)s, %(end_date)s, %(sla_days)s, %(post_go_live_bugs)s, %(churn_risk)s, %(documentation_status)s, %(points)s, %(lead_time_days)s, %(ticket_count)s, %(has_blocking_issue)s, %(last_blocker_reason)s, %(updated_at)s) RETURNING integration_metrics.id]
[parameters: {'store_id': 84, 'start_date': datetime.datetime(2026, 2, 4, 11, 24, 58, 414367), 'end_date': None, 'sla_days': 0, 'post_go_live_bugs': 0, 'churn_risk': True, 'documentation_status': 'PENDING', 'points': 1.0, 'lead_time_days': 0, 'ticket_count': 0, 'has_blocking_issue': False, 'last_blocker_reason': None, 'updated_at': datetime.datetime(2026, 2, 19, 11, 24, 58, 415817)}]
(Background on this error at: https://sqlalche.me/e/20/gkpj)
Erro na loja 98 (Supermercado Aguiar): (psycopg2.errors.NotNullViolation) null value in column "snapshot_date" of relation "integration_metrics" violates not-null constraint
DETAIL:  Failing row contains (287, 98, null, 0, 0, f, null, 2026-02-19 11:24:58.457718, 2026-01-27 11:24:58.456185, null, 0, 0, t, PENDING, 0.7).

[SQL: INSERT INTO integration_metrics (store_id, start_date, end_date, sla_days, post_go_live_bugs, churn_risk, documentation_status, points, lead_time_days, ticket_count, has_blocking_issue, last_blocker_reason, updated_at) VALUES (%(store_id)s, %(start_date)s, %(end_date)s, %(sla_days)s, %(post_go_live_bugs)s, %(churn_risk)s, %(documentation_status)s, %(points)s, %(lead_time_days)s, %(ticket_count)s, %(has_blocking_issue)s, %(last_blocker_reason)s, %(updated_at)s) RETURNING integration_metrics.id]
[parameters: {'store_id': 98, 'start_date': datetime.datetime(2026, 1, 27, 11, 24, 58, 456185), 'end_date': None, 'sla_days': 0, 'post_go_live_bugs': 0, 'churn_risk': True, 'documentation_status': 'PENDING', 'points': 0.7, 'lead_time_days': 0, 'ticket_count': 0, 'has_blocking_issue': False, 'last_blocker_reason': None, 'updated_at': datetime.datetime(2026, 2, 19, 11, 24, 58, 457718)}]
(Background on this error at: https://sqlalche.me/e/20/gkpj)
Erro na loja 80 (O Mundo das Embalagens ( MIGRAÃ├O VIP COMMERCE )): (psycopg2.errors.NotNullViolation) null value in column "snapshot_date" of relation "integration_metrics" violates not-null constraint
DETAIL:  Failing row contains (288, 80, null, 0, 0, f, null, 2026-02-19 11:24:58.49537, 2026-01-22 11:24:58.493928, null, 0, 0, f, PENDING, 1).

[SQL: INSERT INTO integration_metrics (store_id, start_date, end_date, sla_days, post_go_live_bugs, churn_risk, documentation_status, points, lead_time_days, ticket_count, has_blocking_issue, last_blocker_reason, updated_at) VALUES (%(store_id)s, %(start_date)s, %(end_date)s, %(sla_days)s, %(post_go_live_bugs)s, %(churn_risk)s, %(documentation_status)s, %(points)s, %(lead_time_days)s, %(ticket_count)s, %(has_blocking_issue)s, %(last_blocker_reason)s, %(updated_at)s) RETURNING integration_metrics.id]
[parameters: {'store_id': 80, 'start_date': datetime.datetime(2026, 1, 22, 11, 24, 58, 493928), 'end_date': None, 'sla_days': 0, 'post_go_live_bugs': 0, 'churn_risk': False, 'documentation_status': 'PENDING', 'points': 1.0, 'lead_time_days': 0, 'ticket_count': 0, 'has_blocking_issue': False, 'last_blocker_reason': None, 'updated_at': datetime.datetime(2026, 2, 19, 11, 24, 58, 495370)}]
(Background on this error at: https://sqlalche.me/e/20/gkpj)
Erro na loja 56 (Supermercado Tatais): (psycopg2.errors.NotNullViolation) null value in column "snapshot_date" of relation "integration_metrics" violates not-null constraint
DETAIL:  Failing row contains (289, 56, null, 0, 0, f, null, 2026-02-19 11:24:58.532951, 2026-02-07 11:24:58.531651, null, 0, 0, f, PENDING, 1).

[SQL: INSERT INTO integration_metrics (store_id, start_date, end_date, sla_days, post_go_live_bugs, churn_risk, documentation_status, points, lead_time_days, ticket_count, has_blocking_issue, last_blocker_reason, updated_at) VALUES (%(store_id)s, %(start_date)s, %(end_date)s, %(sla_days)s, %(post_go_live_bugs)s, %(churn_risk)s, %(documentation_status)s, %(points)s, %(lead_time_days)s, %(ticket_count)s, %(has_blocking_issue)s, %(last_blocker_reason)s, %(updated_at)s) RETURNING integration_metrics.id]
[parameters: {'store_id': 56, 'start_date': datetime.datetime(2026, 2, 7, 11, 24, 58, 531651), 'end_date': None, 'sla_days': 0, 'post_go_live_bugs': 0, 'churn_risk': False, 'documentation_status': 'PENDING', 'points': 1.0, 'lead_time_days': 0, 'ticket_count': 0, 'has_blocking_issue': False, 'last_blocker_reason': None, 'updated_at': datetime.datetime(2026, 2, 19, 11, 24, 58, 532951)}]
(Background on this error at: https://sqlalche.me/e/20/gkpj)
>>> Seeding ConcluÝdo! Criados: 95, Atualizados: 0, Erros: 95
